Archive member included to satisfy reference by file (symbol)

C:/Users/Admin/.pico-sdk/toolchain/13_3_Rel1/bin/../lib/gcc/arm-none-eabi/13.3.1/thumb/v6-m/nofp\libgcc.a(_dvmd_tls.o)
                              CMakeFiles/Hardware_Layer.dir/C_/Users/Admin/.pico-sdk/sdk/2.1.0/src/rp2_common/pico_divider/divider_hardware.S.obj (__aeabi_idiv0)
C:/Users/Admin/.pico-sdk/toolchain/13_3_Rel1/bin/../lib/gcc/arm-none-eabi/13.3.1/thumb/v6-m/nofp\libg.a(libc_a-atoi.o)
                              CMakeFiles/Hardware_Layer.dir/C_/Users/Admin/.pico-sdk/sdk/2.1.0/lib/lwip/src/core/netif.c.obj (atoi)
C:/Users/Admin/.pico-sdk/toolchain/13_3_Rel1/bin/../lib/gcc/arm-none-eabi/13.3.1/thumb/v6-m/nofp\libg.a(libc_a-calloc.o)
                              CMakeFiles/Hardware_Layer.dir/C_/Users/Admin/.pico-sdk/sdk/2.1.0/src/rp2_common/pico_malloc/malloc.c.obj (calloc)
C:/Users/Admin/.pico-sdk/toolchain/13_3_Rel1/bin/../lib/gcc/arm-none-eabi/13.3.1/thumb/v6-m/nofp\libg.a(libc_a-callocr.o)
                              C:/Users/Admin/.pico-sdk/toolchain/13_3_Rel1/bin/../lib/gcc/arm-none-eabi/13.3.1/thumb/v6-m/nofp\libg.a(libc_a-calloc.o) (_calloc_r)
C:/Users/Admin/.pico-sdk/toolchain/13_3_Rel1/bin/../lib/gcc/arm-none-eabi/13.3.1/thumb/v6-m/nofp\libg.a(libc_a-malloc.o)
                              CMakeFiles/Hardware_Layer.dir/C_/Users/Admin/.pico-sdk/sdk/2.1.0/src/rp2_common/pico_malloc/malloc.c.obj (malloc)
C:/Users/Admin/.pico-sdk/toolchain/13_3_Rel1/bin/../lib/gcc/arm-none-eabi/13.3.1/thumb/v6-m/nofp\libg.a(libc_a-mallocr.o)
                              C:/Users/Admin/.pico-sdk/toolchain/13_3_Rel1/bin/../lib/gcc/arm-none-eabi/13.3.1/thumb/v6-m/nofp\libg.a(libc_a-callocr.o) (_malloc_r)
C:/Users/Admin/.pico-sdk/toolchain/13_3_Rel1/bin/../lib/gcc/arm-none-eabi/13.3.1/thumb/v6-m/nofp\libg.a(libc_a-mlock.o)
                              C:/Users/Admin/.pico-sdk/toolchain/13_3_Rel1/bin/../lib/gcc/arm-none-eabi/13.3.1/thumb/v6-m/nofp\libg.a(libc_a-mallocr.o) (__malloc_lock)
C:/Users/Admin/.pico-sdk/toolchain/13_3_Rel1/bin/../lib/gcc/arm-none-eabi/13.3.1/thumb/v6-m/nofp\libg.a(libc_a-realloc.o)
                              CMakeFiles/Hardware_Layer.dir/C_/Users/Admin/.pico-sdk/sdk/2.1.0/src/rp2_common/pico_malloc/malloc.c.obj (realloc)
C:/Users/Admin/.pico-sdk/toolchain/13_3_Rel1/bin/../lib/gcc/arm-none-eabi/13.3.1/thumb/v6-m/nofp\libg.a(libc_a-reallocr.o)
                              C:/Users/Admin/.pico-sdk/toolchain/13_3_Rel1/bin/../lib/gcc/arm-none-eabi/13.3.1/thumb/v6-m/nofp\libg.a(libc_a-realloc.o) (_realloc_r)
C:/Users/Admin/.pico-sdk/toolchain/13_3_Rel1/bin/../lib/gcc/arm-none-eabi/13.3.1/thumb/v6-m/nofp\libg.a(libc_a-strtol.o)
                              C:/Users/Admin/.pico-sdk/toolchain/13_3_Rel1/bin/../lib/gcc/arm-none-eabi/13.3.1/thumb/v6-m/nofp\libg.a(libc_a-atoi.o) (_strtol_r)
C:/Users/Admin/.pico-sdk/toolchain/13_3_Rel1/bin/../lib/gcc/arm-none-eabi/13.3.1/thumb/v6-m/nofp\libg.a(libc_a-ctype_.o)
                              CMakeFiles/Hardware_Layer.dir/C_/Users/Admin/.pico-sdk/sdk/2.1.0/lib/lwip/src/core/dns.c.obj (_ctype_)
C:/Users/Admin/.pico-sdk/toolchain/13_3_Rel1/bin/../lib/gcc/arm-none-eabi/13.3.1/thumb/v6-m/nofp\libg.a(libc_a-memcmp.o)
                              CMakeFiles/Hardware_Layer.dir/C_/Users/Admin/.pico-sdk/sdk/2.1.0/src/rp2_common/pico_atomic/atomic.c.obj (memcmp)
C:/Users/Admin/.pico-sdk/toolchain/13_3_Rel1/bin/../lib/gcc/arm-none-eabi/13.3.1/thumb/v6-m/nofp\libg.a(libc_a-memmove.o)
                              CMakeFiles/Hardware_Layer.dir/lib/vl53l0x/core/src/vl53l0x_api.c.obj (memmove)
C:/Users/Admin/.pico-sdk/toolchain/13_3_Rel1/bin/../lib/gcc/arm-none-eabi/13.3.1/thumb/v6-m/nofp\libg.a(libc_a-strncmp.o)
                              CMakeFiles/Hardware_Layer.dir/C_/Users/Admin/.pico-sdk/sdk/2.1.0/lib/lwip/src/core/def.c.obj (strncmp)
C:/Users/Admin/.pico-sdk/toolchain/13_3_Rel1/bin/../lib/gcc/arm-none-eabi/13.3.1/thumb/v6-m/nofp\libg.a(libc_a-lcltime_r.o)
                              CMakeFiles/Hardware_Layer.dir/C_/Users/Admin/.pico-sdk/sdk/2.1.0/src/common/pico_util/datetime.c.obj (localtime_r)
C:/Users/Admin/.pico-sdk/toolchain/13_3_Rel1/bin/../lib/gcc/arm-none-eabi/13.3.1/thumb/v6-m/nofp\libg.a(libc_a-mktime.o)
                              CMakeFiles/Hardware_Layer.dir/C_/Users/Admin/.pico-sdk/sdk/2.1.0/src/common/pico_util/datetime.c.obj (mktime)
C:/Users/Admin/.pico-sdk/toolchain/13_3_Rel1/bin/../lib/gcc/arm-none-eabi/13.3.1/thumb/v6-m/nofp\libg.a(libc_a-month_lengths.o)
                              C:/Users/Admin/.pico-sdk/toolchain/13_3_Rel1/bin/../lib/gcc/arm-none-eabi/13.3.1/thumb/v6-m/nofp\libg.a(libc_a-lcltime_r.o) (__month_lengths)
C:/Users/Admin/.pico-sdk/toolchain/13_3_Rel1/bin/../lib/gcc/arm-none-eabi/13.3.1/thumb/v6-m/nofp\libg.a(libc_a-tzcalc_limits.o)
                              C:/Users/Admin/.pico-sdk/toolchain/13_3_Rel1/bin/../lib/gcc/arm-none-eabi/13.3.1/thumb/v6-m/nofp\libg.a(libc_a-lcltime_r.o) (__tzcalc_limits)
[...]
Memory Configuration

Name             Origin             Length             Attributes
FLASH            0x10000000         0x00200000         xr
RAM              0x20000000         0x00040000         xrw
SCRATCH_X        0x20040000         0x00001000         xrw
SCRATCH_Y        0x20041000         0x00001000         xrw
*default*        0x00000000         0xffffffff

Linker script and memory map

LOAD C:/Users/Admin/.pico-sdk/toolchain/13_3_Rel1/bin/../lib/gcc/arm-none-eabi/13.3.1/thumb/v6-m/nofp/crti.o
LOAD C:/Users/Admin/.pico-sdk/toolchain/13_3_Rel1/bin/../lib/gcc/arm-none-eabi/13.3.1/thumb/v6-m/nofp/crtbegin.o
LOAD C:/Users/Admin/.pico-sdk/toolchain/13_3_Rel1/bin/../lib/gcc/arm-none-eabi/13.3.1/thumb/v6-m/nofp/crt0.o

.flash_begin    0x10000000        0x0
                0x10000000                        __flash_binary_start = .

.boot2          0x10000000      0x100
                0x10000000                        __boot2_start__ = .
 *(.boot2)
 .boot2         0x10000000      0x100 pico-sdk/src/rp2040/boot_stage2/CMakeFiles/bs2_default_library.dir/./bs2_default_padded_checksummed.S.obj
                0x10000100                        __boot2_end__ = .
                0x00000001                        ASSERT (((__boot2_end__ - __boot2_start__) == 0x100), ERROR: Pico second stage bootloader must be 256 bytes in size)

.text           0x10000100    0x1f564
                0x10000100                        __logical_binary_start = .
 *(.vectors)
 .vectors       0x10000100       0xd4 CMakeFiles/Hardware_Layer.dir/C_/Users/Admin/.pico-sdk/sdk/2.1.0/src/rp2_common/pico_crt0/crt0.S.obj
                0x10000100                __VECTOR_TABLE
                0x10000100                __vectors
                0x100001c0                isr_invalid
                0x100001c0                __default_isrs_start
                0x100001c2                isr_nmi
                0x100001c4                isr_hardfault
                0x100001c6                isr_svcall
                0x100001c8                isr_pendsv
                0x100001ca                isr_systick
                0x100001cc                isr_irq23
                0x100001cc                isr_irq18
                0x100001cc                isr_irq11
                0x100001cc                isr_irq28
                0x100001cc                isr_irq19
                0x100001cc                isr_irq0
                0x100001cc                isr_irq6
                0x100001cc                isr_irq5
                0x100001cc                isr_irq12
                0x100001cc                isr_irq22
                0x100001cc                isr_irq31
                0x100001cc                isr_irq17
                0x100001cc                isr_irq27
                0x100001cc                isr_irq30
                0x100001cc                isr_irq2
                0x100001cc                isr_irq10
                0x100001cc                isr_irq8
                0x100001cc                isr_irq24
                0x100001cc                isr_irq1
                0x100001cc                isr_irq7
                0x100001cc                isr_irq21
                0x100001cc                isr_irq20
                0x100001cc                isr_irq15
                0x100001cc                isr_irq25
                0x100001cc                isr_irq13
                0x100001cc                __unhandled_user_irq
                0x100001cc                isr_irq4
                0x100001cc                isr_irq16
                0x100001cc                isr_irq29
                0x100001cc                isr_irq26
                0x100001cc                __default_isrs_end
                0x100001cc                isr_irq3
                0x100001cc                isr_irq14
                0x100001cc                isr_irq9
                0x100001d2                unhandled_user_irq_num_in_r0
 *(.binary_info_header)
 .binary_info_header
                0x100001d4       0x14 CMakeFiles/Hardware_Layer.dir/C_/Users/Admin/.pico-sdk/sdk/2.1.0/src/rp2_common/pico_crt0/crt0.S.obj
                0x100001e8                        __binary_info_header_end = .
 *(.embedded_block)
                0x100001e8                        __embedded_block_end = .
 *(.reset)
 .reset         0x100001e8       0x9c CMakeFiles/Hardware_Layer.dir/C_/Users/Admin/.pico-sdk/sdk/2.1.0/src/rp2_common/pico_crt0/crt0.S.obj
                0x100001e8                _entry_point
 *(.init)
 .init          0x10000284        0x4 C:/Users/Admin/.pico-sdk/toolchain/13_3_Rel1/bin/../lib/gcc/arm-none-eabi/13.3.1/thumb/v6-m/nofp/crti.o
                0x10000284                _init
 *(EXCLUDE_FILE(*libm.a: *libc.a:*lib_a-mem*.o *libgcc.a:) .text*)
 .text.register_tm_clones
                0x10000288       0x28 C:/Users/Admin/.pico-sdk/toolchain/13_3_Rel1/bin/../lib/gcc/arm-none-eabi/13.3.1/thumb/v6-m/nofp/crtbegin.o
 .text.frame_dummy
                0x100002b0       0x24 C:/Users/Admin/.pico-sdk/toolchain/13_3_Rel1/bin/../lib/gcc/arm-none-eabi/13.3.1/thumb/v6-m/nofp/crtbegin.o
 .text.dns_found_cb
                0x100002d4       0x34 CMakeFiles/Hardware_Layer.dir/main.c.obj
                0x100002d4                dns_found_cb
 .text.mqtt_pub_request_cb
                0x10000308       0x34 CMakeFiles/Hardware_Layer.dir/main.c.obj
                0x10000308                mqtt_pub_request_cb
 .text.mqtt_connection_cb
                0x1000033c       0x8c CMakeFiles/Hardware_Layer.dir/main.c.obj
                0x1000033c                mqtt_connection_cb
 .text.setup_gpio_rfid
                0x100003c8       0x54 CMakeFiles/Hardware_Layer.dir/main.c.obj
                0x100003c8                setup_gpio_rfid
 .text.publish_rfid_tag
                0x1000041c      0x154 CMakeFiles/Hardware_Layer.dir/main.c.obj
                0x1000041c                publish_rfid_tag
 .text.setup_i2c_distance
                0x10000570       0x54 CMakeFiles/Hardware_Layer.dir/main.c.obj
                0x10000570                setup_i2c_distance
 .text.init_distance_sensors
                0x100005c4       0xc4 CMakeFiles/Hardware_Layer.dir/main.c.obj
                0x100005c4                init_distance_sensors
 .text.read_distance_sensors
                0x10000688      0x1d0 CMakeFiles/Hardware_Layer.dir/main.c.obj
                0x10000688                read_distance_sensors
 .text.publish_distance_data
                0x10000858      0x234 CMakeFiles/Hardware_Layer.dir/main.c.obj
                0x10000858                publish_distance_data
 .text.connect_wifi
                0x10000a8c       0x94 CMakeFiles/Hardware_Layer.dir/main.c.obj
                0x10000a8c                connect_wifi
 .text.mqtt_init_and_connect
                0x10000b20      0x164 CMakeFiles/Hardware_Layer.dir/main.c.obj
                0x10000b20                mqtt_init_and_connect
 .text.should_publish_imu
                0x10000c84      0x238 CMakeFiles/Hardware_Layer.dir/main.c.obj
                0x10000c84                should_publish_imu
 .text.startup.main
                0x10000ebc      0x698 CMakeFiles/Hardware_Layer.dir/main.c.obj
                0x10000ebc                main
 .text.MFRC522_Init
                0x10001554       0x30 CMakeFiles/Hardware_Layer.dir/lib/mfrc522.c.obj
                0x10001554                MFRC522_Init
 .text.PCD_ReadNRegister
                0x10001584       0xc4 CMakeFiles/Hardware_Layer.dir/lib/mfrc522.c.obj
                0x10001584                PCD_ReadNRegister
 .text.PCD_CalculateCRC
                0x10001648      0x30c CMakeFiles/Hardware_Layer.dir/lib/mfrc522.c.obj
                0x10001648                PCD_CalculateCRC
 .text.PCD_Init
                0x10001954      0x2a8 CMakeFiles/Hardware_Layer.dir/lib/mfrc522.c.obj
                0x10001954                PCD_Init
 .text.PCD_CommunicateWithPICC
                0x10001bfc      0x510 CMakeFiles/Hardware_Layer.dir/lib/mfrc522.c.obj
                0x10001bfc                PCD_CommunicateWithPICC
 .text.PICC_Select
                0x1000210c      0x454 CMakeFiles/Hardware_Layer.dir/lib/mfrc522.c.obj
                0x1000210c                PICC_Select
 .text.PCD_StopCrypto1
                0x10002560       0x9c CMakeFiles/Hardware_Layer.dir/lib/mfrc522.c.obj
                0x10002560                PCD_StopCrypto1
 .text.PICC_IsNewCardPresent
                0x100025fc      0x110 CMakeFiles/Hardware_Layer.dir/lib/mfrc522.c.obj
                0x100025fc                PICC_IsNewCardPresent
 .text.PICC_ReadCardSerial
                0x1000270c       0x14 CMakeFiles/Hardware_Layer.dir/lib/mfrc522.c.obj
                0x1000270c                PICC_ReadCardSerial
 .text.tca9548a_init
                0x10002720        0x8 CMakeFiles/Hardware_Layer.dir/lib/tca9548a.c.obj
                0x10002720                tca9548a_init
 .text.tca9548a_select_channel
                0x10002728       0x30 CMakeFiles/Hardware_Layer.dir/lib/tca9548a.c.obj
                0x10002728                tca9548a_select_channel
 .text.VL53L0X_GetDeviceParameters
                0x10002758      0x16c CMakeFiles/Hardware_Layer.dir/lib/vl53l0x/core/src/vl53l0x_api.c.obj
                0x10002758                VL53L0X_GetDeviceParameters
 .text.VL53L0X_DataInit
                0x100028c4      0x208 CMakeFiles/Hardware_Layer.dir/lib/vl53l0x/core/src/vl53l0x_api.c.obj
                0x100028c4                VL53L0X_DataInit
 .text.VL53L0X_SetDeviceMode
                0x10002acc       0x1c CMakeFiles/Hardware_Layer.dir/lib/vl53l0x/core/src/vl53l0x_api.c.obj
                0x10002acc                VL53L0X_SetDeviceMode
 .text.VL53L0X_SetMeasurementTimingBudgetMicroSeconds
                0x10002ae8        0x8 CMakeFiles/Hardware_Layer.dir/lib/vl53l0x/core/src/vl53l0x_api.c.obj
                0x10002ae8                VL53L0X_SetMeasurementTimingBudgetMicroSeconds
 .text.VL53L0X_SetVcselPulsePeriod
                0x10002af0        0x8 CMakeFiles/Hardware_Layer.dir/lib/vl53l0x/core/src/vl53l0x_api.c.obj
                0x10002af0                VL53L0X_SetVcselPulsePeriod
 .text.VL53L0X_GetVcselPulsePeriod
                0x10002af8        0x8 CMakeFiles/Hardware_Layer.dir/lib/vl53l0x/core/src/vl53l0x_api.c.obj
                0x10002af8                VL53L0X_GetVcselPulsePeriod
 .text.VL53L0X_SetSequenceStepEnable
                0x10002b00       0xd8 CMakeFiles/Hardware_Layer.dir/lib/vl53l0x/core/src/vl53l0x_api.c.obj
                0x10002b00                VL53L0X_SetSequenceStepEnable
 .text.VL53L0X_StaticInit
                0x10002bd8      0x240 CMakeFiles/Hardware_Layer.dir/lib/vl53l0x/core/src/vl53l0x_api.c.obj
                0x10002bd8                VL53L0X_StaticInit
 .text.VL53L0X_GetSequenceStepEnables
                0x10002e18       0x40 CMakeFiles/Hardware_Layer.dir/lib/vl53l0x/core/src/vl53l0x_api.c.obj
                0x10002e18                VL53L0X_GetSequenceStepEnables
 .text.VL53L0X_GetXTalkCompensationEnable
                0x10002e58        0x8 CMakeFiles/Hardware_Layer.dir/lib/vl53l0x/core/src/vl53l0x_api.c.obj
                0x10002e58                VL53L0X_GetXTalkCompensationEnable
 .text.VL53L0X_SetLimitCheckEnable
                0x10002e60       0x9c CMakeFiles/Hardware_Layer.dir/lib/vl53l0x/core/src/vl53l0x_api.c.obj
                0x10002e60                VL53L0X_SetLimitCheckEnable
 .text.VL53L0X_GetLimitCheckEnable
                0x10002efc       0x18 CMakeFiles/Hardware_Layer.dir/lib/vl53l0x/core/src/vl53l0x_api.c.obj
                0x10002efc                VL53L0X_GetLimitCheckEnable
 .text.VL53L0X_SetLimitCheckValue
                0x10002f14       0x5c CMakeFiles/Hardware_Layer.dir/lib/vl53l0x/core/src/vl53l0x_api.c.obj
                0x10002f14                VL53L0X_SetLimitCheckValue
 .text.VL53L0X_GetLimitCheckValue
                0x10002f70       0x7c CMakeFiles/Hardware_Layer.dir/lib/vl53l0x/core/src/vl53l0x_api.c.obj
                0x10002f70                VL53L0X_GetLimitCheckValue
 .text.VL53L0X_PerformRefCalibration
                0x10002fec        0xc CMakeFiles/Hardware_Layer.dir/lib/vl53l0x/core/src/vl53l0x_api.c.obj
                0x10002fec                VL53L0X_PerformRefCalibration
 .text.VL53L0X_CheckAndLoadInterruptSettings
                0x10002ff8       0xe0 CMakeFiles/Hardware_Layer.dir/lib/vl53l0x/core/src/vl53l0x_api.c.obj
                0x10002ff8                VL53L0X_CheckAndLoadInterruptSettings
 .text.VL53L0X_StartMeasurement
                0x100030d8      0x104 CMakeFiles/Hardware_Layer.dir/lib/vl53l0x/core/src/vl53l0x_api.c.obj
                0x100030d8                VL53L0X_StartMeasurement
 .text.VL53L0X_GetMeasurementDataReady
                0x100031dc       0x60 CMakeFiles/Hardware_Layer.dir/lib/vl53l0x/core/src/vl53l0x_api.c.obj
                0x100031dc                VL53L0X_GetMeasurementDataReady
 .text.VL53L0X_GetRangingMeasurementData
                0x1000323c      0x138 CMakeFiles/Hardware_Layer.dir/lib/vl53l0x/core/src/vl53l0x_api.c.obj
                0x1000323c                VL53L0X_GetRangingMeasurementData
 .text.VL53L0X_PerformSingleRangingMeasurement
                0x10003374       0x84 CMakeFiles/Hardware_Layer.dir/lib/vl53l0x/core/src/vl53l0x_api.c.obj
                0x10003374                VL53L0X_PerformSingleRangingMeasurement
 .text.VL53L0X_ClearInterruptMask
                0x100033f8       0x58 CMakeFiles/Hardware_Layer.dir/lib/vl53l0x/core/src/vl53l0x_api.c.obj
                0x100033f8                VL53L0X_ClearInterruptMask
 .text.VL53L0X_PerformRefSpadManagement
                0x10003450        0x8 CMakeFiles/Hardware_Layer.dir/lib/vl53l0x/core/src/vl53l0x_api.c.obj
                0x10003450                VL53L0X_PerformRefSpadManagement
 .text.enable_ref_spads.constprop.0
                0x10003458      0x1c4 CMakeFiles/Hardware_Layer.dir/lib/vl53l0x/core/src/vl53l0x_api_calibration.c.obj
 .text.VL53L0X_get_offset_calibration_data_micro_meter
                0x1000361c       0x3c CMakeFiles/Hardware_Layer.dir/lib/vl53l0x/core/src/vl53l0x_api_calibration.c.obj
                0x1000361c                VL53L0X_get_offset_calibration_data_micro_meter
 .text.perform_ref_signal_measurement
                0x10003658       0x68 CMakeFiles/Hardware_Layer.dir/lib/vl53l0x/core/src/vl53l0x_api_calibration.c.obj
                0x10003658                perform_ref_signal_measurement
 .text.VL53L0X_set_reference_spads
                0x100036c0       0xbc CMakeFiles/Hardware_Layer.dir/lib/vl53l0x/core/src/vl53l0x_api_calibration.c.obj
                0x100036c0                VL53L0X_set_reference_spads
 .text.VL53L0X_ref_calibration_io
                0x1000377c       0xf8 CMakeFiles/Hardware_Layer.dir/lib/vl53l0x/core/src/vl53l0x_api_calibration.c.obj
                0x1000377c                VL53L0X_ref_calibration_io
 .text.VL53L0X_perform_phase_calibration
                0x10003874       0xb8 CMakeFiles/Hardware_Layer.dir/lib/vl53l0x/core/src/vl53l0x_api_calibration.c.obj
                0x10003874                VL53L0X_perform_phase_calibration
 .text.VL53L0X_perform_ref_calibration
                0x1000392c      0x120 CMakeFiles/Hardware_Layer.dir/lib/vl53l0x/core/src/vl53l0x_api_calibration.c.obj
                0x1000392c                VL53L0X_perform_ref_calibration
 .text.VL53L0X_perform_ref_spad_management
                0x10003a4c      0x4c0 CMakeFiles/Hardware_Layer.dir/lib/vl53l0x/core/src/vl53l0x_api_calibration.c.obj
                0x10003a4c                VL53L0X_perform_ref_spad_management
 .text.set_sequence_step_timeout.part.0
                0x10003f0c      0x19c CMakeFiles/Hardware_Layer.dir/lib/vl53l0x/core/src/vl53l0x_api_core.c.obj
 .text.VL53L0X_measurement_poll_for_completion
                0x100040a8       0x3c CMakeFiles/Hardware_Layer.dir/lib/vl53l0x/core/src/vl53l0x_api_core.c.obj
                0x100040a8                VL53L0X_measurement_poll_for_completion
 .text.VL53L0X_get_info_from_device
                0x100040e4      0xa54 CMakeFiles/Hardware_Layer.dir/lib/vl53l0x/core/src/vl53l0x_api_core.c.obj
                0x100040e4                VL53L0X_get_info_from_device
 .text.get_sequence_step_timeout
                0x10004b38      0x194 CMakeFiles/Hardware_Layer.dir/lib/vl53l0x/core/src/vl53l0x_api_core.c.obj
                0x10004b38                get_sequence_step_timeout
 .text.VL53L0X_set_vcsel_pulse_period
                0x10004ccc      0x470 CMakeFiles/Hardware_Layer.dir/lib/vl53l0x/core/src/vl53l0x_api_core.c.obj
                0x10004ccc                VL53L0X_set_vcsel_pulse_period
 .text.VL53L0X_get_vcsel_pulse_period
                0x1000513c       0x40 CMakeFiles/Hardware_Layer.dir/lib/vl53l0x/core/src/vl53l0x_api_core.c.obj
                0x1000513c                VL53L0X_get_vcsel_pulse_period
 .text.VL53L0X_set_measurement_timing_budget_micro_seconds
                0x1000517c      0x138 CMakeFiles/Hardware_Layer.dir/lib/vl53l0x/core/src/vl53l0x_api_core.c.obj
                0x1000517c                VL53L0X_set_measurement_timing_budget_micro_seconds
 .text.VL53L0X_get_measurement_timing_budget_micro_seconds
                0x100052b4      0x13c CMakeFiles/Hardware_Layer.dir/lib/vl53l0x/core/src/vl53l0x_api_core.c.obj
                0x100052b4                VL53L0X_get_measurement_timing_budget_micro_seconds
 .text.VL53L0X_load_tuning_settings
                0x100053f0       0xd8 CMakeFiles/Hardware_Layer.dir/lib/vl53l0x/core/src/vl53l0x_api_core.c.obj
                0x100053f0                VL53L0X_load_tuning_settings
 .text.VL53L0X_calc_dmax
                0x100054c8       0xb8 CMakeFiles/Hardware_Layer.dir/lib/vl53l0x/core/src/vl53l0x_api_core.c.obj
                0x100054c8                VL53L0X_calc_dmax
 .text.VL53L0X_calc_sigma_estimate
                0x10005580      0x3a4 CMakeFiles/Hardware_Layer.dir/lib/vl53l0x/core/src/vl53l0x_api_core.c.obj
                0x10005580                VL53L0X_calc_sigma_estimate
 .text.VL53L0X_get_pal_range_status
                0x10005924      0x278 CMakeFiles/Hardware_Layer.dir/lib/vl53l0x/core/src/vl53l0x_api_core.c.obj
                0x10005924                VL53L0X_get_pal_range_status
 .text.VL53L0X_WriteMulti
                0x10005b9c       0x24 CMakeFiles/Hardware_Layer.dir/lib/vl53l0x/platform/src/vl53l0x_platform.c.obj
                0x10005b9c                VL53L0X_WriteMulti
 .text.VL53L0X_ReadMulti
                0x10005bc0       0x24 CMakeFiles/Hardware_Layer.dir/lib/vl53l0x/platform/src/vl53l0x_platform.c.obj
                0x10005bc0                VL53L0X_ReadMulti
 .text.VL53L0X_WrByte
                0x10005be4       0x18 CMakeFiles/Hardware_Layer.dir/lib/vl53l0x/platform/src/vl53l0x_platform.c.obj
                0x10005be4                VL53L0X_WrByte
 .text.VL53L0X_WrWord
                0x10005bfc       0x18 CMakeFiles/Hardware_Layer.dir/lib/vl53l0x/platform/src/vl53l0x_platform.c.obj
                0x10005bfc                VL53L0X_WrWord
 .text.VL53L0X_UpdateByte
                0x10005c14       0x44 CMakeFiles/Hardware_Layer.dir/lib/vl53l0x/platform/src/vl53l0x_platform.c.obj
                0x10005c14                VL53L0X_UpdateByte
 .text.VL53L0X_RdByte
                0x10005c58       0x18 CMakeFiles/Hardware_Layer.dir/lib/vl53l0x/platform/src/vl53l0x_platform.c.obj
                0x10005c58                VL53L0X_RdByte
 .text.VL53L0X_RdWord
                0x10005c70       0x18 CMakeFiles/Hardware_Layer.dir/lib/vl53l0x/platform/src/vl53l0x_platform.c.obj
                0x10005c70                VL53L0X_RdWord
 .text.VL53L0X_RdDWord
                0x10005c88       0x18 CMakeFiles/Hardware_Layer.dir/lib/vl53l0x/platform/src/vl53l0x_platform.c.obj
                0x10005c88                VL53L0X_RdDWord
 .text.VL53L0X_PollingDelay
                0x10005ca0        0xc CMakeFiles/Hardware_Layer.dir/lib/vl53l0x/platform/src/vl53l0x_platform.c.obj
                0x10005ca0                VL53L0X_PollingDelay
 .text.VL53L0X_device_initizlise
                0x10005cac       0xa4 CMakeFiles/Hardware_Layer.dir/lib/vl53l0x/platform/src/vl53l0x_rp2040.c.obj
                0x10005cac                VL53L0X_device_initizlise
 .text.VL53L0X_dev_i2c_initialise
                0x10005d50       0x60 CMakeFiles/Hardware_Layer.dir/lib/vl53l0x/platform/src/vl53l0x_rp2040.c.obj
                0x10005d50                VL53L0X_dev_i2c_initialise
 .text.VL53L0X_write_multi
                0x10005db0       0x4c CMakeFiles/Hardware_Layer.dir/lib/vl53l0x/platform/src/vl53l0x_rp2040.c.obj
                0x10005db0                VL53L0X_write_multi
 .text.VL53L0X_read_multi
                0x10005dfc       0x44 CMakeFiles/Hardware_Layer.dir/lib/vl53l0x/platform/src/vl53l0x_rp2040.c.obj
                0x10005dfc                VL53L0X_read_multi
 .text.VL53L0X_write_byte
                0x10005e40       0x2c CMakeFiles/Hardware_Layer.dir/lib/vl53l0x/platform/src/vl53l0x_rp2040.c.obj
                0x10005e40                VL53L0X_write_byte
 .text.VL53L0X_write_word
                0x10005e6c       0x30 CMakeFiles/Hardware_Layer.dir/lib/vl53l0x/platform/src/vl53l0x_rp2040.c.obj
                0x10005e6c                VL53L0X_write_word
 .text.VL53L0X_read_byte
                0x10005e9c       0x44 CMakeFiles/Hardware_Layer.dir/lib/vl53l0x/platform/src/vl53l0x_rp2040.c.obj
                0x10005e9c                VL53L0X_read_byte
 .text.VL53L0X_read_word
                0x10005ee0       0x4c CMakeFiles/Hardware_Layer.dir/lib/vl53l0x/platform/src/vl53l0x_rp2040.c.obj
                0x10005ee0                VL53L0X_read_word
 .text.VL53L0X_read_dword
                0x10005f2c       0x48 CMakeFiles/Hardware_Layer.dir/lib/vl53l0x/platform/src/vl53l0x_rp2040.c.obj
                0x10005f2c                VL53L0X_read_dword
 .text.VL53L0X_SingleRanging
                0x10005f74       0x40 CMakeFiles/Hardware_Layer.dir/lib/vl53l0x/platform/src/vl53l0x_rp2040.c.obj
                0x10005f74                VL53L0X_SingleRanging
 .text.mpu6050_init
                0x10005fb4      0x10c CMakeFiles/Hardware_Layer.dir/lib/mpu6050.c.obj
                0x10005fb4                mpu6050_init
 .text.mpu6050_read_data
                0x100060c0      0x124 CMakeFiles/Hardware_Layer.dir/lib/mpu6050.c.obj
                0x100060c0                mpu6050_read_data
 .text.gpio_set_function
                0x100061e4       0x34 CMakeFiles/Hardware_Layer.dir/C_/Users/Admin/.pico-sdk/sdk/2.1.0/src/rp2_common/hardware_gpio/gpio.c.obj
                0x100061e4                gpio_set_function
 .text.gpio_set_pulls
                0x10006218       0x28 CMakeFiles/Hardware_Layer.dir/C_/Users/Admin/.pico-sdk/sdk/2.1.0/src/rp2_common/hardware_gpio/gpio.c.obj
                0x10006218                gpio_set_pulls
 .text.gpio_set_input_hysteresis_enabled
                0x10006240       0x28 CMakeFiles/Hardware_Layer.dir/C_/Users/Admin/.pico-sdk/sdk/2.1.0/src/rp2_common/hardware_gpio/gpio.c.obj
                0x10006240                gpio_set_input_hysteresis_enabled
 .text.gpio_set_irq_enabled
                0x10006268       0x58 CMakeFiles/Hardware_Layer.dir/C_/Users/Admin/.pico-sdk/sdk/2.1.0/src/rp2_common/hardware_gpio/gpio.c.obj
                0x10006268                gpio_set_irq_enabled
 .text.gpio_add_raw_irq_handler_with_order_priority_masked
                0x100062c0       0x44 CMakeFiles/Hardware_Layer.dir/C_/Users/Admin/.pico-sdk/sdk/2.1.0/src/rp2_common/hardware_gpio/gpio.c.obj
                0x100062c0                gpio_add_raw_irq_handler_with_order_priority_masked
 .text.gpio_remove_raw_irq_handler_masked
                0x10006304       0x20 CMakeFiles/Hardware_Layer.dir/C_/Users/Admin/.pico-sdk/sdk/2.1.0/src/rp2_common/hardware_gpio/gpio.c.obj
                0x10006304                gpio_remove_raw_irq_handler_masked
 .text.gpio_init
                0x10006324       0x40 CMakeFiles/Hardware_Layer.dir/C_/Users/Admin/.pico-sdk/sdk/2.1.0/src/rp2_common/hardware_gpio/gpio.c.obj
                0x10006324                gpio_init
 .text.rp2040_chip_version
                0x10006364        0xc CMakeFiles/Hardware_Layer.dir/C_/Users/Admin/.pico-sdk/sdk/2.1.0/src/rp2040/pico_platform/platform.c.obj
                0x10006364                rp2040_chip_version
 .text.panic    0x10006370       0x30 CMakeFiles/Hardware_Layer.dir/C_/Users/Admin/.pico-sdk/sdk/2.1.0/src/rp2_common/pico_platform_panic/panic.c.obj
                0x10006370                panic
 .text.hw_claim_lock
                0x100063a0       0x18 CMakeFiles/Hardware_Layer.dir/C_/Users/Admin/.pico-sdk/sdk/2.1.0/src/common/hardware_claim/claim.c.obj
                0x100063a0                hw_claim_lock
 .text.hw_claim_unlock
                0x100063b8       0x14 CMakeFiles/Hardware_Layer.dir/C_/Users/Admin/.pico-sdk/sdk/2.1.0/src/common/hardware_claim/claim.c.obj
                0x100063b8                hw_claim_unlock
 .text.hw_claim_or_assert
                0x100063cc       0x44 CMakeFiles/Hardware_Layer.dir/C_/Users/Admin/.pico-sdk/sdk/2.1.0/src/common/hardware_claim/claim.c.obj
                0x100063cc                hw_claim_or_assert
 .text.hw_claim_unused_from_range
                0x10006410       0x9c CMakeFiles/Hardware_Layer.dir/C_/Users/Admin/.pico-sdk/sdk/2.1.0/src/common/hardware_claim/claim.c.obj
                0x10006410                hw_claim_unused_from_range
 .text.hw_claim_clear
                0x100064ac       0x38 CMakeFiles/Hardware_Layer.dir/C_/Users/Admin/.pico-sdk/sdk/2.1.0/src/common/hardware_claim/claim.c.obj
                0x100064ac                hw_claim_clear
 .text.next_striped_spin_lock_num
                0x100064e4       0x18 CMakeFiles/Hardware_Layer.dir/C_/Users/Admin/.pico-sdk/sdk/2.1.0/src/rp2_common/hardware_sync/sync.c.obj
                0x100064e4                next_striped_spin_lock_num
 .text.spin_lock_claim_unused
                0x100064fc       0x24 CMakeFiles/Hardware_Layer.dir/C_/Users/Admin/.pico-sdk/sdk/2.1.0/src/rp2_common/hardware_sync/sync.c.obj
                0x100064fc                spin_lock_claim_unused
 .text.spin_locks_reset
                0x10006520       0x1c CMakeFiles/Hardware_Layer.dir/C_/Users/Admin/.pico-sdk/sdk/2.1.0/src/rp2_common/hardware_sync_spin_lock/sync_spin_lock.c.obj
                0x10006520                spin_locks_reset
 .text.runtime_init_per_core_irq_priorities
                0x1000653c       0x24 CMakeFiles/Hardware_Layer.dir/C_/Users/Admin/.pico-sdk/sdk/2.1.0/src/rp2_common/hardware_irq/irq.c.obj
                0x1000653c                runtime_init_per_core_irq_priorities
 .text.irq_set_enabled
                0x10006560       0x24 CMakeFiles/Hardware_Layer.dir/C_/Users/Admin/.pico-sdk/sdk/2.1.0/src/rp2_common/hardware_irq/irq.c.obj
                0x10006560                irq_set_enabled
 .text.irq_is_enabled
                0x10006584       0x18 CMakeFiles/Hardware_Layer.dir/C_/Users/Admin/.pico-sdk/sdk/2.1.0/src/rp2_common/hardware_irq/irq.c.obj
                0x10006584                irq_is_enabled
 .text.irq_set_pending
                0x1000659c       0x10 CMakeFiles/Hardware_Layer.dir/C_/Users/Admin/.pico-sdk/sdk/2.1.0/src/rp2_common/hardware_irq/irq.c.obj
                0x1000659c                irq_set_pending
 .text.irq_has_shared_handler
                0x100065ac       0x2c CMakeFiles/Hardware_Layer.dir/C_/Users/Admin/.pico-sdk/sdk/2.1.0/src/rp2_common/hardware_irq/irq.c.obj
                0x100065ac                irq_has_shared_handler
 .text.irq_set_exclusive_handler
                0x100065d8       0x54 CMakeFiles/Hardware_Layer.dir/C_/Users/Admin/.pico-sdk/sdk/2.1.0/src/rp2_common/hardware_irq/irq.c.obj
                0x100065d8                irq_set_exclusive_handler
 .text.irq_add_shared_handler
                0x1000662c      0x1f4 CMakeFiles/Hardware_Layer.dir/C_/Users/Admin/.pico-sdk/sdk/2.1.0/src/rp2_common/hardware_irq/irq.c.obj
                0x1000662c                irq_add_shared_handler
 .text.irq_remove_handler
                0x10006820      0x1d4 CMakeFiles/Hardware_Layer.dir/C_/Users/Admin/.pico-sdk/sdk/2.1.0/src/rp2_common/hardware_irq/irq.c.obj
                0x10006820                irq_remove_handler
 .text.irq_add_tail_to_free_list
                0x100069f4       0xb4 CMakeFiles/Hardware_Layer.dir/C_/Users/Admin/.pico-sdk/sdk/2.1.0/src/rp2_common/hardware_irq/irq.c.obj
                0x100069f4                irq_add_tail_to_free_list
 .text.user_irq_claim_unused
                0x10006aa8       0x2c CMakeFiles/Hardware_Layer.dir/C_/Users/Admin/.pico-sdk/sdk/2.1.0/src/rp2_common/hardware_irq/irq.c.obj
                0x10006aa8                user_irq_claim_unused
 .text.sem_init
                0x10006ad4       0x20 CMakeFiles/Hardware_Layer.dir/C_/Users/Admin/.pico-sdk/sdk/2.1.0/src/common/pico_sync/sem.c.obj
                0x10006ad4                sem_init
 .text.lock_init
                0x10006af4       0x10 CMakeFiles/Hardware_Layer.dir/C_/Users/Admin/.pico-sdk/sdk/2.1.0/src/common/pico_sync/lock_core.c.obj
                0x10006af4                lock_init
 .text.runtime_init_mutex
                0x10006b04       0x50 CMakeFiles/Hardware_Layer.dir/C_/Users/Admin/.pico-sdk/sdk/2.1.0/src/common/pico_sync/mutex.c.obj
                0x10006b04                runtime_init_mutex
 .text.mutex_init
                0x10006b54       0x1c CMakeFiles/Hardware_Layer.dir/C_/Users/Admin/.pico-sdk/sdk/2.1.0/src/common/pico_sync/mutex.c.obj
                0x10006b54                mutex_init
 .text.critical_section_init
                0x10006b70       0x1c CMakeFiles/Hardware_Layer.dir/C_/Users/Admin/.pico-sdk/sdk/2.1.0/src/common/pico_sync/critical_section.c.obj
                0x10006b70                critical_section_init
 .text.critical_section_init_with_lock_num
                0x10006b8c       0x14 CMakeFiles/Hardware_Layer.dir/C_/Users/Admin/.pico-sdk/sdk/2.1.0/src/common/pico_sync/critical_section.c.obj
                0x10006b8c                critical_section_init_with_lock_num
 .text.sleep_until_callback
                0x10006ba0       0x30 CMakeFiles/Hardware_Layer.dir/C_/Users/Admin/.pico-sdk/sdk/2.1.0/src/common/pico_time/time.c.obj
 .text.alarm_pool_irq_handler
                0x10006bd0      0x2fc CMakeFiles/Hardware_Layer.dir/C_/Users/Admin/.pico-sdk/sdk/2.1.0/src/common/pico_time/time.c.obj
 .text.runtime_init_default_alarm_pool
                0x10006ecc       0xdc CMakeFiles/Hardware_Layer.dir/C_/Users/Admin/.pico-sdk/sdk/2.1.0/src/common/pico_time/time.c.obj
                0x10006ecc                runtime_init_default_alarm_pool
 .text.alarm_pool_get_default
                0x10006fa8        0x8 CMakeFiles/Hardware_Layer.dir/C_/Users/Admin/.pico-sdk/sdk/2.1.0/src/common/pico_time/time.c.obj
                0x10006fa8                alarm_pool_get_default
 .text.alarm_pool_add_alarm_at
                0x10006fb0       0xd4 CMakeFiles/Hardware_Layer.dir/C_/Users/Admin/.pico-sdk/sdk/2.1.0/src/common/pico_time/time.c.obj
                0x10006fb0                alarm_pool_add_alarm_at
 .text.alarm_pool_add_alarm_at_force_in_context
                0x10007084       0xb0 CMakeFiles/Hardware_Layer.dir/C_/Users/Admin/.pico-sdk/sdk/2.1.0/src/common/pico_time/time.c.obj
                0x10007084                alarm_pool_add_alarm_at_force_in_context
 .text.alarm_pool_cancel_alarm
                0x10007134       0x74 CMakeFiles/Hardware_Layer.dir/C_/Users/Admin/.pico-sdk/sdk/2.1.0/src/common/pico_time/time.c.obj
                0x10007134                alarm_pool_cancel_alarm
 .text.alarm_pool_core_num
                0x100071a8        0x4 CMakeFiles/Hardware_Layer.dir/C_/Users/Admin/.pico-sdk/sdk/2.1.0/src/common/pico_time/time.c.obj
                0x100071a8                alarm_pool_core_num
 .text.sleep_until
                0x100071ac       0xd8 CMakeFiles/Hardware_Layer.dir/C_/Users/Admin/.pico-sdk/sdk/2.1.0/src/common/pico_time/time.c.obj
                0x100071ac                sleep_until
 .text.sleep_ms
                0x10007284       0x38 CMakeFiles/Hardware_Layer.dir/C_/Users/Admin/.pico-sdk/sdk/2.1.0/src/common/pico_time/time.c.obj
                0x10007284                sleep_ms
 .text.best_effort_wfe_or_timeout
                0x100072bc       0xe0 CMakeFiles/Hardware_Layer.dir/C_/Users/Admin/.pico-sdk/sdk/2.1.0/src/common/pico_time/time.c.obj
                0x100072bc                best_effort_wfe_or_timeout
 .text.timer_hardware_alarm_claim
                0x1000739c       0x14 CMakeFiles/Hardware_Layer.dir/C_/Users/Admin/.pico-sdk/sdk/2.1.0/src/rp2_common/hardware_timer/timer.c.obj
                0x1000739c                timer_hardware_alarm_claim
 .text.timer_time_us_64
                0x100073b0       0x10 CMakeFiles/Hardware_Layer.dir/C_/Users/Admin/.pico-sdk/sdk/2.1.0/src/rp2_common/hardware_timer/timer.c.obj
                0x100073b0                timer_time_us_64
 .text.time_us_64
                0x100073c0       0x14 CMakeFiles/Hardware_Layer.dir/C_/Users/Admin/.pico-sdk/sdk/2.1.0/src/rp2_common/hardware_timer/timer.c.obj
                0x100073c0                time_us_64
 .text.busy_wait_us
                0x100073d4       0x68 CMakeFiles/Hardware_Layer.dir/C_/Users/Admin/.pico-sdk/sdk/2.1.0/src/rp2_common/hardware_timer/timer.c.obj
                0x100073d4                busy_wait_us
 .text.busy_wait_ms
                0x1000743c       0x9c CMakeFiles/Hardware_Layer.dir/C_/Users/Admin/.pico-sdk/sdk/2.1.0/src/rp2_common/hardware_timer/timer.c.obj
                0x1000743c                busy_wait_ms
 .text.busy_wait_until
                0x100074d8       0x20 CMakeFiles/Hardware_Layer.dir/C_/Users/Admin/.pico-sdk/sdk/2.1.0/src/rp2_common/hardware_timer/timer.c.obj
                0x100074d8                busy_wait_until
 .text.uart_init
                0x100074f8      0x120 CMakeFiles/Hardware_Layer.dir/C_/Users/Admin/.pico-sdk/sdk/2.1.0/src/rp2_common/hardware_uart/uart.c.obj
                0x100074f8                uart_init
 .text.clock_configure_int_divider
                0x10007618       0xf4 CMakeFiles/Hardware_Layer.dir/C_/Users/Admin/.pico-sdk/sdk/2.1.0/src/rp2_common/hardware_clocks/clocks.c.obj
                0x10007618                clock_configure_int_divider
 .text.clock_configure_undivided
                0x1000770c       0xe8 CMakeFiles/Hardware_Layer.dir/C_/Users/Admin/.pico-sdk/sdk/2.1.0/src/rp2_common/hardware_clocks/clocks.c.obj
                0x1000770c                clock_configure_undivided
 .text.clock_get_hz
                0x100077f4        0xc CMakeFiles/Hardware_Layer.dir/C_/Users/Admin/.pico-sdk/sdk/2.1.0/src/rp2_common/hardware_clocks/clocks.c.obj
                0x100077f4                clock_get_hz
 .text.pll_init
                0x10007800       0xa4 CMakeFiles/Hardware_Layer.dir/C_/Users/Admin/.pico-sdk/sdk/2.1.0/src/rp2_common/hardware_pll/pll.c.obj
                0x10007800                pll_init
 .text.watchdog_reboot
                0x100078a4       0x9c CMakeFiles/Hardware_Layer.dir/C_/Users/Admin/.pico-sdk/sdk/2.1.0/src/rp2_common/hardware_watchdog/watchdog.c.obj
                0x100078a4                watchdog_reboot
 .text.tick_start
                0x10007940       0x10 CMakeFiles/Hardware_Layer.dir/C_/Users/Admin/.pico-sdk/sdk/2.1.0/src/rp2_common/hardware_ticks/ticks.c.obj
                0x10007940                tick_start
 .text.rom_func_lookup
                0x10007950       0x10 CMakeFiles/Hardware_Layer.dir/C_/Users/Admin/.pico-sdk/sdk/2.1.0/src/rp2_common/pico_bootrom/bootrom.c.obj
                0x10007950                rom_func_lookup
 .text.rom_data_lookup
                0x10007960       0x10 CMakeFiles/Hardware_Layer.dir/C_/Users/Admin/.pico-sdk/sdk/2.1.0/src/rp2_common/pico_bootrom/bootrom.c.obj
                0x10007960                rom_data_lookup
 .text.rom_funcs_lookup
                0x10007970       0x44 CMakeFiles/Hardware_Layer.dir/C_/Users/Admin/.pico-sdk/sdk/2.1.0/src/rp2_common/pico_bootrom/bootrom.c.obj
                0x10007970                rom_funcs_lookup
 .text.rom_reset_usb_boot_extra
                0x100079b4       0x28 CMakeFiles/Hardware_Layer.dir/C_/Users/Admin/.pico-sdk/sdk/2.1.0/src/rp2_common/pico_bootrom/bootrom.c.obj
                0x100079b4                rom_reset_usb_boot_extra
 .text.xosc_init
                0x100079dc       0x28 CMakeFiles/Hardware_Layer.dir/C_/Users/Admin/.pico-sdk/sdk/2.1.0/src/rp2_common/hardware_xosc/xosc.c.obj
                0x100079dc                xosc_init
 .text.first_per_core_initializer
                0x10007a04        0x4 CMakeFiles/Hardware_Layer.dir/C_/Users/Admin/.pico-sdk/sdk/2.1.0/src/rp2_common/pico_runtime/runtime.c.obj
 .text.hard_assertion_failure
                0x10007a08        0xc CMakeFiles/Hardware_Layer.dir/C_/Users/Admin/.pico-sdk/sdk/2.1.0/src/rp2_common/pico_runtime/runtime.c.obj
                0x10007a08                hard_assertion_failure
 .text.runtime_run_initializers
                0x10007a14       0x28 CMakeFiles/Hardware_Layer.dir/C_/Users/Admin/.pico-sdk/sdk/2.1.0/src/rp2_common/pico_runtime/runtime.c.obj
                0x10007a14                runtime_run_initializers
 .text.runtime_init_early_resets
                0x10007a3c       0x2c CMakeFiles/Hardware_Layer.dir/C_/Users/Admin/.pico-sdk/sdk/2.1.0/src/rp2_common/pico_runtime_init/runtime_init.c.obj
                0x10007a3c                runtime_init_early_resets
 .text.runtime_init_usb_power_down
                0x10007a68       0x1c CMakeFiles/Hardware_Layer.dir/C_/Users/Admin/.pico-sdk/sdk/2.1.0/src/rp2_common/pico_runtime_init/runtime_init.c.obj
                0x10007a68                runtime_init_usb_power_down
 .text.runtime_init_post_clock_resets
                0x10007a84       0x20 CMakeFiles/Hardware_Layer.dir/C_/Users/Admin/.pico-sdk/sdk/2.1.0/src/rp2_common/pico_runtime_init/runtime_init.c.obj
                0x10007a84                runtime_init_post_clock_resets
 .text.runtime_init_rp2040_gpio_ie_disable
                0x10007aa4       0x14 CMakeFiles/Hardware_Layer.dir/C_/Users/Admin/.pico-sdk/sdk/2.1.0/src/rp2_common/pico_runtime_init/runtime_init.c.obj
                0x10007aa4                runtime_init_rp2040_gpio_ie_disable
 .text.runtime_init_spin_locks_reset
                0x10007ab8        0x8 CMakeFiles/Hardware_Layer.dir/C_/Users/Admin/.pico-sdk/sdk/2.1.0/src/rp2_common/pico_runtime_init/runtime_init.c.obj
                0x10007ab8                runtime_init_spin_locks_reset
 .text.runtime_init_install_ram_vector_table
                0x10007ac0       0x1c CMakeFiles/Hardware_Layer.dir/C_/Users/Admin/.pico-sdk/sdk/2.1.0/src/rp2_common/pico_runtime_init/runtime_init.c.obj
                0x10007ac0                runtime_init_install_ram_vector_table
 .text.runtime_init_clocks
                0x10007adc       0xd8 CMakeFiles/Hardware_Layer.dir/C_/Users/Admin/.pico-sdk/sdk/2.1.0/src/rp2_common/pico_runtime_init/runtime_init_clocks.c.obj
                0x10007adc                runtime_init_clocks
 .text          0x10007bb4       0x10 CMakeFiles/Hardware_Layer.dir/C_/Users/Admin/.pico-sdk/sdk/2.1.0/src/rp2_common/pico_bit_ops/bit_ops_aeabi.S.obj
 .text.ctzsi    0x10007bc4        0xc CMakeFiles/Hardware_Layer.dir/C_/Users/Admin/.pico-sdk/sdk/2.1.0/src/rp2_common/pico_bit_ops/bit_ops_aeabi.S.obj
                0x10007bc4                __wrap___ctzsi2
 .text.__wrap___aeabi_idiv
                0x10007bd0       0x50 CMakeFiles/Hardware_Layer.dir/C_/Users/Admin/.pico-sdk/sdk/2.1.0/src/rp2_common/pico_divider/divider_hardware.S.obj
                0x10007bd0                __wrap___aeabi_idivmod
                0x10007bd0                divmod_s32s32
                0x10007bd0                div_s32s32
                0x10007bd0                __wrap___aeabi_idiv
                0x10007bd8                divmod_s32s32_unsafe
                0x10007c04                divmod_s32s32_savestate
 .text.__wrap___aeabi_uidiv
                0x10007c20       0x4c CMakeFiles/Hardware_Layer.dir/C_/Users/Admin/.pico-sdk/sdk/2.1.0/src/rp2_common/pico_divider/divider_hardware.S.obj
                0x10007c20                __wrap___aeabi_uidiv
                0x10007c20                __wrap___aeabi_uidivmod
                0x10007c20                div_u32u32
                0x10007c20                divmod_u32u32
                0x10007c28                divmod_u32u32_unsafe
                0x10007c50                divmod_u32u32_savestate
 .text.__wrap___aeabi_ldiv
                0x10007c6c      0x424 CMakeFiles/Hardware_Layer.dir/C_/Users/Admin/.pico-sdk/sdk/2.1.0/src/rp2_common/pico_divider/divider_hardware.S.obj
                0x10007c6c                div_s64s64
                0x10007c6c                divmod_s64s64
                0x10007c6c                __wrap___aeabi_ldivmod
                0x10007c9c                divmod_u64u64
                0x10007c9c                div_u64u64
                0x10007c9c                __wrap___aeabi_uldivmod
                0x10007cac                divmod_u64u64_savestate
                0x10007ccc                divmod_s64s64_unsafe
                0x10007d54                divmod_u64u64_unsafe
 .text.__wrap___aeabi_darithmetic
                0x10008090       0x60 CMakeFiles/Hardware_Layer.dir/C_/Users/Admin/.pico-sdk/sdk/2.1.0/src/rp2_common/pico_double/double_aeabi_rp2040.S.obj
                0x10008090                __wrap___aeabi_drsub
                0x10008096                __wrap___aeabi_dsub
                0x100080a0                __wrap___aeabi_dadd
                0x100080aa                __wrap___aeabi_ddiv
                0x100080de                __wrap___aeabi_dmul
 .text.__wrap___aeabi_cdcmple
                0x100080f0       0x6c CMakeFiles/Hardware_Layer.dir/C_/Users/Admin/.pico-sdk/sdk/2.1.0/src/rp2_common/pico_double/double_aeabi_rp2040.S.obj
                0x100080f0                __wrap___aeabi_cdrcmple
                0x10008100                __wrap___aeabi_cdcmpeq
                0x10008100                __wrap___aeabi_cdcmple
 .text.__wrap___aeabi_dcmplt
                0x1000815c        0xc CMakeFiles/Hardware_Layer.dir/C_/Users/Admin/.pico-sdk/sdk/2.1.0/src/rp2_common/pico_double/double_aeabi_rp2040.S.obj
                0x1000815c                __wrap___aeabi_dcmplt
 .text.__wrap___aeabi_dcmpge
                0x10008168       0x10 CMakeFiles/Hardware_Layer.dir/C_/Users/Admin/.pico-sdk/sdk/2.1.0/src/rp2_common/pico_double/double_aeabi_rp2040.S.obj
                0x10008168                __wrap___aeabi_dcmpge
 .text.__wrap___aeabi_dcmpgt
                0x10008178        0xa CMakeFiles/Hardware_Layer.dir/C_/Users/Admin/.pico-sdk/sdk/2.1.0/src/rp2_common/pico_double/double_aeabi_rp2040.S.obj
                0x10008178                __wrap___aeabi_dcmpgt
 .text.__wrap___aeabi_dcmpun
                0x10008182       0x18 CMakeFiles/Hardware_Layer.dir/C_/Users/Admin/.pico-sdk/sdk/2.1.0/src/rp2_common/pico_double/double_aeabi_rp2040.S.obj
                0x10008182                __wrap___aeabi_dcmpun
 *fill*         0x1000819a        0x2 
 .text.__wrap___aeabi_i2d
                0x1000819c       0x38 CMakeFiles/Hardware_Layer.dir/C_/Users/Admin/.pico-sdk/sdk/2.1.0/src/rp2_common/pico_double/double_aeabi_rp2040.S.obj
                0x1000819c                __wrap___aeabi_ui2d
                0x100081a4                __wrap___aeabi_i2d
 .text.__wrap___aeabi_d2iz
                0x100081d4       0x48 CMakeFiles/Hardware_Layer.dir/C_/Users/Admin/.pico-sdk/sdk/2.1.0/src/rp2_common/pico_double/double_aeabi_rp2040.S.obj
                0x100081d4                double2int_z
                0x100081d4                __wrap___aeabi_d2iz
 .text.__wrap___aeabi_d2uiz
                0x1000821c       0x10 CMakeFiles/Hardware_Layer.dir/C_/Users/Admin/.pico-sdk/sdk/2.1.0/src/rp2_common/pico_double/double_aeabi_rp2040.S.obj
                0x1000821c                __wrap___aeabi_d2uiz
                0x1000821c                double2uint
 .text.__wrap___aeabi_d2f
                0x1000822c       0x10 CMakeFiles/Hardware_Layer.dir/C_/Users/Admin/.pico-sdk/sdk/2.1.0/src/rp2_common/pico_double/double_aeabi_rp2040.S.obj
                0x1000822c                __wrap___aeabi_d2f
 .text.missing_double_func_shim
                0x1000823c        0xc CMakeFiles/Hardware_Layer.dir/C_/Users/Admin/.pico-sdk/sdk/2.1.0/src/rp2_common/pico_double/double_init_rom_rp2040.c.obj
 .text.__aeabi_double_init
                0x10008248       0xa0 CMakeFiles/Hardware_Layer.dir/C_/Users/Admin/.pico-sdk/sdk/2.1.0/src/rp2_common/pico_double/double_init_rom_rp2040.c.obj
                0x10008248                __aeabi_double_init
 .text.double_table_shim_on_use_helper
                0x100082e8       0x2c CMakeFiles/Hardware_Layer.dir/C_/Users/Admin/.pico-sdk/sdk/2.1.0/src/rp2_common/pico_double/double_v1_rom_shim_rp2040.S.obj
                0x100082e8                double_table_shim_on_use_helper
 .text.__aeabi_lmul
                0x10008314       0x32 CMakeFiles/Hardware_Layer.dir/C_/Users/Admin/.pico-sdk/sdk/2.1.0/src/rp2_common/pico_int64_ops/pico_int64_ops_aeabi.S.obj
                0x10008314                __wrap___aeabi_lmul
 *fill*         0x10008346        0x2 
 .text.__wrap___aeabi_farithmetic
                0x10008348       0x48 CMakeFiles/Hardware_Layer.dir/C_/Users/Admin/.pico-sdk/sdk/2.1.0/src/rp2_common/pico_float/float_aeabi_rp2040.S.obj
                0x10008348                __wrap___aeabi_frsub
                0x1000834e                __wrap___aeabi_fsub
                0x10008354                __wrap___aeabi_fadd
                0x1000835a                __wrap___aeabi_fdiv
                0x10008382                __wrap___aeabi_fmul
 .text.__wrap___aeabi_cfcmple
                0x10008390       0x50 CMakeFiles/Hardware_Layer.dir/C_/Users/Admin/.pico-sdk/sdk/2.1.0/src/rp2_common/pico_float/float_aeabi_rp2040.S.obj
                0x10008390                __wrap___aeabi_cfrcmple
                0x1000839c                __wrap___aeabi_cfcmple
                0x1000839c                __wrap___aeabi_cfcmpeq
 .text.__wrap___aeabi_fcmpgt
                0x100083e0        0xa CMakeFiles/Hardware_Layer.dir/C_/Users/Admin/.pico-sdk/sdk/2.1.0/src/rp2_common/pico_float/float_aeabi_rp2040.S.obj
                0x100083e0                __wrap___aeabi_fcmpgt
 *fill*         0x100083ea        0x2 
 .text.__wrap___aeabi_i2f
                0x100083ec       0x44 CMakeFiles/Hardware_Layer.dir/C_/Users/Admin/.pico-sdk/sdk/2.1.0/src/rp2_common/pico_float/float_aeabi_rp2040.S.obj
                0x100083ec                __wrap___aeabi_i2f
                0x100083ec                int2float
 .text.__wrap___aeabi_f2d
                0x10008430        0xc CMakeFiles/Hardware_Layer.dir/C_/Users/Admin/.pico-sdk/sdk/2.1.0/src/rp2_common/pico_float/float_aeabi_rp2040.S.obj
                0x10008430                __wrap___aeabi_f2d
 .text.missing_float_func_shim
                0x1000843c        0xc CMakeFiles/Hardware_Layer.dir/C_/Users/Admin/.pico-sdk/sdk/2.1.0/src/rp2_common/pico_float/float_init_rom_rp2040.c.obj
 .text.__aeabi_float_init
                0x10008448       0x5c CMakeFiles/Hardware_Layer.dir/C_/Users/Admin/.pico-sdk/sdk/2.1.0/src/rp2_common/pico_float/float_init_rom_rp2040.c.obj
                0x10008448                __aeabi_float_init
 .text.__wrap_malloc
                0x100084a4       0x24 CMakeFiles/Hardware_Layer.dir/C_/Users/Admin/.pico-sdk/sdk/2.1.0/src/rp2_common/pico_malloc/malloc.c.obj
                0x100084a4                __wrap_malloc
 .text.__wrap_calloc
                0x100084c8       0x28 CMakeFiles/Hardware_Layer.dir/C_/Users/Admin/.pico-sdk/sdk/2.1.0/src/rp2_common/pico_malloc/malloc.c.obj
                0x100084c8                __wrap_calloc
 .text.__wrap_free
                0x100084f0        0x8 CMakeFiles/Hardware_Layer.dir/C_/Users/Admin/.pico-sdk/sdk/2.1.0/src/rp2_common/pico_malloc/malloc.c.obj
                0x100084f0                __wrap_free
 .text          0x100084f8       0x10 CMakeFiles/Hardware_Layer.dir/C_/Users/Admin/.pico-sdk/sdk/2.1.0/src/rp2_common/pico_mem_ops/mem_ops_aeabi.S.obj
                0x100084f8                __aeabi_mem_init
 .text.memset   0x10008508        0xc CMakeFiles/Hardware_Layer.dir/C_/Users/Admin/.pico-sdk/sdk/2.1.0/src/rp2_common/pico_mem_ops/mem_ops_aeabi.S.obj
                0x10008508                __wrap_memset
 .text.memcpy   0x10008514        0xc CMakeFiles/Hardware_Layer.dir/C_/Users/Admin/.pico-sdk/sdk/2.1.0/src/rp2_common/pico_mem_ops/mem_ops_aeabi.S.obj
                0x10008514                __wrap_memcpy
                0x10008514                __wrap___aeabi_memcpy
 .text._out_buffer
                0x10008520        0x8 CMakeFiles/Hardware_Layer.dir/C_/Users/Admin/.pico-sdk/sdk/2.1.0/src/rp2_common/pico_printf/printf.c.obj
 .text._out_null
                0x10008528        0x4 CMakeFiles/Hardware_Layer.dir/C_/Users/Admin/.pico-sdk/sdk/2.1.0/src/rp2_common/pico_printf/printf.c.obj
 .text._out_rev
                0x1000852c       0xac CMakeFiles/Hardware_Layer.dir/C_/Users/Admin/.pico-sdk/sdk/2.1.0/src/rp2_common/pico_printf/printf.c.obj
 .text._ntoa_format
                0x100085d8      0x250 CMakeFiles/Hardware_Layer.dir/C_/Users/Admin/.pico-sdk/sdk/2.1.0/src/rp2_common/pico_printf/printf.c.obj
 .text._out_char
                0x10008828       0x10 CMakeFiles/Hardware_Layer.dir/C_/Users/Admin/.pico-sdk/sdk/2.1.0/src/rp2_common/pico_printf/printf.c.obj
 .text._out_fct
                0x10008838       0x10 CMakeFiles/Hardware_Layer.dir/C_/Users/Admin/.pico-sdk/sdk/2.1.0/src/rp2_common/pico_printf/printf.c.obj
 .text._etoa    0x10008848      0x464 CMakeFiles/Hardware_Layer.dir/C_/Users/Admin/.pico-sdk/sdk/2.1.0/src/rp2_common/pico_printf/printf.c.obj
 .text._ftoa    0x10008cac      0x3c0 CMakeFiles/Hardware_Layer.dir/C_/Users/Admin/.pico-sdk/sdk/2.1.0/src/rp2_common/pico_printf/printf.c.obj
 .text._vsnprintf
                0x1000906c      0xbc8 CMakeFiles/Hardware_Layer.dir/C_/Users/Admin/.pico-sdk/sdk/2.1.0/src/rp2_common/pico_printf/printf.c.obj
 .text.__wrap_sprintf
                0x10009c34       0x2c CMakeFiles/Hardware_Layer.dir/C_/Users/Admin/.pico-sdk/sdk/2.1.0/src/rp2_common/pico_printf/printf.c.obj
                0x10009c34                __wrap_sprintf
 .text.__wrap_snprintf
                0x10009c60       0x28 CMakeFiles/Hardware_Layer.dir/C_/Users/Admin/.pico-sdk/sdk/2.1.0/src/rp2_common/pico_printf/printf.c.obj
                0x10009c60                __wrap_snprintf
 .text.vfctprintf
                0x10009c88       0x20 CMakeFiles/Hardware_Layer.dir/C_/Users/Admin/.pico-sdk/sdk/2.1.0/src/rp2_common/pico_printf/printf.c.obj
                0x10009c88                vfctprintf
 .text.weak_raw_vprintf
                0x10009ca8       0x30 CMakeFiles/Hardware_Layer.dir/C_/Users/Admin/.pico-sdk/sdk/2.1.0/src/rp2_common/pico_printf/printf.c.obj
                0x10009ca8                weak_raw_vprintf
 .text._exit    0x10009cd8        0x4 CMakeFiles/Hardware_Layer.dir/C_/Users/Admin/.pico-sdk/sdk/2.1.0/src/rp2_common/pico_clib_interface/newlib_interface.c.obj
                0x10009cd8                _exit
 .text._sbrk    0x10009cdc       0x34 CMakeFiles/Hardware_Layer.dir/C_/Users/Admin/.pico-sdk/sdk/2.1.0/src/rp2_common/pico_clib_interface/newlib_interface.c.obj
                0x10009cdc                _sbrk
 .text.exit     0x10009d10        0x8 CMakeFiles/Hardware_Layer.dir/C_/Users/Admin/.pico-sdk/sdk/2.1.0/src/rp2_common/pico_clib_interface/newlib_interface.c.obj
                0x10009d10                exit
 .text.runtime_init
                0x10009d18       0x2c CMakeFiles/Hardware_Layer.dir/C_/Users/Admin/.pico-sdk/sdk/2.1.0/src/rp2_common/pico_clib_interface/newlib_interface.c.obj
                0x10009d18                runtime_init
 .text.stdio_out_chars_no_crlf
                0x10009d44       0x10 CMakeFiles/Hardware_Layer.dir/C_/Users/Admin/.pico-sdk/sdk/2.1.0/src/rp2_common/pico_stdio/stdio.c.obj
 .text.stdio_out_chars_crlf
                0x10009d54       0x94 CMakeFiles/Hardware_Layer.dir/C_/Users/Admin/.pico-sdk/sdk/2.1.0/src/rp2_common/pico_stdio/stdio.c.obj
 .text.stdio_buffered_printer
                0x10009de8       0x64 CMakeFiles/Hardware_Layer.dir/C_/Users/Admin/.pico-sdk/sdk/2.1.0/src/rp2_common/pico_stdio/stdio.c.obj
 .text.stdio_put_string
                0x10009e4c      0x100 CMakeFiles/Hardware_Layer.dir/C_/Users/Admin/.pico-sdk/sdk/2.1.0/src/rp2_common/pico_stdio/stdio.c.obj
                0x10009e4c                stdio_put_string
 .text.stdio_set_driver_enabled
                0x10009f4c       0x30 CMakeFiles/Hardware_Layer.dir/C_/Users/Admin/.pico-sdk/sdk/2.1.0/src/rp2_common/pico_stdio/stdio.c.obj
                0x10009f4c                stdio_set_driver_enabled
 .text.stdio_init_all
                0x10009f7c       0x10 CMakeFiles/Hardware_Layer.dir/C_/Users/Admin/.pico-sdk/sdk/2.1.0/src/rp2_common/pico_stdio/stdio.c.obj
                0x10009f7c                stdio_init_all
 .text.__wrap_putchar
                0x10009f8c       0x98 CMakeFiles/Hardware_Layer.dir/C_/Users/Admin/.pico-sdk/sdk/2.1.0/src/rp2_common/pico_stdio/stdio.c.obj
                0x10009f8c                __wrap_putchar
                0x10009f8c                stdio_putchar
 .text.__wrap_puts
                0x1000a024       0x3c CMakeFiles/Hardware_Layer.dir/C_/Users/Admin/.pico-sdk/sdk/2.1.0/src/rp2_common/pico_stdio/stdio.c.obj
                0x1000a024                stdio_puts
                0x1000a024                __wrap_puts
 .text.__wrap_vprintf
                0x1000a060       0xd4 CMakeFiles/Hardware_Layer.dir/C_/Users/Admin/.pico-sdk/sdk/2.1.0/src/rp2_common/pico_stdio/stdio.c.obj
                0x1000a060                stdio_vprintf
                0x1000a060                __wrap_vprintf
 .text.__wrap_printf
                0x1000a134       0x18 CMakeFiles/Hardware_Layer.dir/C_/Users/Admin/.pico-sdk/sdk/2.1.0/src/rp2_common/pico_stdio/stdio.c.obj
                0x1000a134                __wrap_printf
                0x1000a134                stdio_printf
 .text.stdio_uart_out_chars
                0x1000a14c       0x4c CMakeFiles/Hardware_Layer.dir/C_/Users/Admin/.pico-sdk/sdk/2.1.0/src/rp2_common/pico_stdio_uart/stdio_uart.c.obj
 .text.stdio_uart_in_chars
                0x1000a198       0x90 CMakeFiles/Hardware_Layer.dir/C_/Users/Admin/.pico-sdk/sdk/2.1.0/src/rp2_common/pico_stdio_uart/stdio_uart.c.obj
                0x1000a198                stdio_uart_in_chars
 .text.on_uart_rx
                0x1000a228       0x28 CMakeFiles/Hardware_Layer.dir/C_/Users/Admin/.pico-sdk/sdk/2.1.0/src/rp2_common/pico_stdio_uart/stdio_uart.c.obj
 .text.stdio_uart_out_flush
                0x1000a250       0x14 CMakeFiles/Hardware_Layer.dir/C_/Users/Admin/.pico-sdk/sdk/2.1.0/src/rp2_common/pico_stdio_uart/stdio_uart.c.obj
 .text.stdio_uart_set_chars_available_callback
                0x1000a264       0x84 CMakeFiles/Hardware_Layer.dir/C_/Users/Admin/.pico-sdk/sdk/2.1.0/src/rp2_common/pico_stdio_uart/stdio_uart.c.obj
 .text.stdio_uart_init
                0x1000a2e8       0x50 CMakeFiles/Hardware_Layer.dir/C_/Users/Admin/.pico-sdk/sdk/2.1.0/src/rp2_common/pico_stdio_uart/stdio_uart.c.obj
                0x1000a2e8                stdio_uart_init
 .text.resetd_init
                0x1000a338        0x4 CMakeFiles/Hardware_Layer.dir/C_/Users/Admin/.pico-sdk/sdk/2.1.0/src/rp2_common/pico_stdio_usb/reset_interface.c.obj
 .text.resetd_reset
                0x1000a33c        0xc CMakeFiles/Hardware_Layer.dir/C_/Users/Admin/.pico-sdk/sdk/2.1.0/src/rp2_common/pico_stdio_usb/reset_interface.c.obj
 .text.resetd_open
                0x1000a348       0x28 CMakeFiles/Hardware_Layer.dir/C_/Users/Admin/.pico-sdk/sdk/2.1.0/src/rp2_common/pico_stdio_usb/reset_interface.c.obj
 .text.resetd_xfer_cb
                0x1000a370        0x4 CMakeFiles/Hardware_Layer.dir/C_/Users/Admin/.pico-sdk/sdk/2.1.0/src/rp2_common/pico_stdio_usb/reset_interface.c.obj
 .text.resetd_control_xfer_cb
                0x1000a374       0x5c CMakeFiles/Hardware_Layer.dir/C_/Users/Admin/.pico-sdk/sdk/2.1.0/src/rp2_common/pico_stdio_usb/reset_interface.c.obj
 .text.tud_descriptor_bos_cb
                0x1000a3d0        0x8 CMakeFiles/Hardware_Layer.dir/C_/Users/Admin/.pico-sdk/sdk/2.1.0/src/rp2_common/pico_stdio_usb/reset_interface.c.obj
                0x1000a3d0                tud_descriptor_bos_cb
 .text.tud_vendor_control_xfer_cb
                0x1000a3d8       0x34 CMakeFiles/Hardware_Layer.dir/C_/Users/Admin/.pico-sdk/sdk/2.1.0/src/rp2_common/pico_stdio_usb/reset_interface.c.obj
                0x1000a3d8                tud_vendor_control_xfer_cb
 .text.usbd_app_driver_get_cb
                0x1000a40c        0xc CMakeFiles/Hardware_Layer.dir/C_/Users/Admin/.pico-sdk/sdk/2.1.0/src/rp2_common/pico_stdio_usb/reset_interface.c.obj
                0x1000a40c                usbd_app_driver_get_cb
 .text.tud_cdc_line_coding_cb
                0x1000a418       0x2c CMakeFiles/Hardware_Layer.dir/C_/Users/Admin/.pico-sdk/sdk/2.1.0/src/rp2_common/pico_stdio_usb/reset_interface.c.obj
                0x1000a418                tud_cdc_line_coding_cb
 .text.stdio_usb_set_chars_available_callback
                0x1000a444       0x14 CMakeFiles/Hardware_Layer.dir/C_/Users/Admin/.pico-sdk/sdk/2.1.0/src/rp2_common/pico_stdio_usb/stdio_usb.c.obj
                0x1000a444                stdio_usb_set_chars_available_callback
 .text.usb_irq  0x1000a458       0x10 CMakeFiles/Hardware_Layer.dir/C_/Users/Admin/.pico-sdk/sdk/2.1.0/src/rp2_common/pico_stdio_usb/stdio_usb.c.obj
 .text.timer_task
                0x1000a468       0x64 CMakeFiles/Hardware_Layer.dir/C_/Users/Admin/.pico-sdk/sdk/2.1.0/src/rp2_common/pico_stdio_usb/stdio_usb.c.obj
 .text.stdio_usb_in_chars
                0x1000a4cc       0x90 CMakeFiles/Hardware_Layer.dir/C_/Users/Admin/.pico-sdk/sdk/2.1.0/src/rp2_common/pico_stdio_usb/stdio_usb.c.obj
                0x1000a4cc                stdio_usb_in_chars
 .text.stdio_usb_out_flush
                0x1000a55c       0x50 CMakeFiles/Hardware_Layer.dir/C_/Users/Admin/.pico-sdk/sdk/2.1.0/src/rp2_common/pico_stdio_usb/stdio_usb.c.obj
 .text.stdio_usb_out_chars
                0x1000a5ac      0x104 CMakeFiles/Hardware_Layer.dir/C_/Users/Admin/.pico-sdk/sdk/2.1.0/src/rp2_common/pico_stdio_usb/stdio_usb.c.obj
 .text.low_priority_worker_irq
                0x1000a6b0       0xcc CMakeFiles/Hardware_Layer.dir/C_/Users/Admin/.pico-sdk/sdk/2.1.0/src/rp2_common/pico_stdio_usb/stdio_usb.c.obj
 .text.stdio_usb_init
                0x1000a77c       0xe8 CMakeFiles/Hardware_Layer.dir/C_/Users/Admin/.pico-sdk/sdk/2.1.0/src/rp2_common/pico_stdio_usb/stdio_usb.c.obj
                0x1000a77c                stdio_usb_init
 .text.tud_descriptor_device_cb
                0x1000a864        0x8 CMakeFiles/Hardware_Layer.dir/C_/Users/Admin/.pico-sdk/sdk/2.1.0/src/rp2_common/pico_stdio_usb/stdio_usb_descriptors.c.obj
                0x1000a864                tud_descriptor_device_cb
 .text.tud_descriptor_configuration_cb
                0x1000a86c        0x8 CMakeFiles/Hardware_Layer.dir/C_/Users/Admin/.pico-sdk/sdk/2.1.0/src/rp2_common/pico_stdio_usb/stdio_usb_descriptors.c.obj
                0x1000a86c                tud_descriptor_configuration_cb
 .text.tud_descriptor_string_cb
                0x1000a874       0x78 CMakeFiles/Hardware_Layer.dir/C_/Users/Admin/.pico-sdk/sdk/2.1.0/src/rp2_common/pico_stdio_usb/stdio_usb_descriptors.c.obj
                0x1000a874                tud_descriptor_string_cb
 .text.startup._retrieve_unique_id_on_boot
                0x1000a8ec       0x10 CMakeFiles/Hardware_Layer.dir/C_/Users/Admin/.pico-sdk/sdk/2.1.0/src/rp2_common/pico_unique_id/unique_id.c.obj
 .text.pico_get_unique_board_id
                0x1000a8fc       0x10 CMakeFiles/Hardware_Layer.dir/C_/Users/Admin/.pico-sdk/sdk/2.1.0/src/rp2_common/pico_unique_id/unique_id.c.obj
                0x1000a8fc                pico_get_unique_board_id
 .text.pico_get_unique_board_id_string
                0x1000a90c      0x1a8 CMakeFiles/Hardware_Layer.dir/C_/Users/Admin/.pico-sdk/sdk/2.1.0/src/rp2_common/pico_unique_id/unique_id.c.obj
                0x1000a90c                pico_get_unique_board_id_string
 .text.flash_get_unique_id
                0x1000aab4       0x3c CMakeFiles/Hardware_Layer.dir/C_/Users/Admin/.pico-sdk/sdk/2.1.0/src/rp2_common/hardware_flash/flash.c.obj
                0x1000aab4                flash_get_unique_id
 .text.dcd_init
                0x1000aaf0       0x8c CMakeFiles/Hardware_Layer.dir/C_/Users/Admin/.pico-sdk/sdk/2.1.0/lib/tinyusb/src/portable/raspberrypi/rp2040/dcd_rp2040.c.obj
                0x1000aaf0                dcd_init
 .text.dcd_int_enable
                0x1000ab7c        0xc CMakeFiles/Hardware_Layer.dir/C_/Users/Admin/.pico-sdk/sdk/2.1.0/lib/tinyusb/src/portable/raspberrypi/rp2040/dcd_rp2040.c.obj
                0x1000ab7c                dcd_int_enable
 .text.dcd_set_address
                0x1000ab88       0x14 CMakeFiles/Hardware_Layer.dir/C_/Users/Admin/.pico-sdk/sdk/2.1.0/lib/tinyusb/src/portable/raspberrypi/rp2040/dcd_rp2040.c.obj
                0x1000ab88                dcd_set_address
 .text.dcd_sof_enable
                0x1000ab9c       0x1c CMakeFiles/Hardware_Layer.dir/C_/Users/Admin/.pico-sdk/sdk/2.1.0/lib/tinyusb/src/portable/raspberrypi/rp2040/dcd_rp2040.c.obj
                0x1000ab9c                dcd_sof_enable
 .text.dcd_edpt0_status_complete
                0x1000abb8       0x1c CMakeFiles/Hardware_Layer.dir/C_/Users/Admin/.pico-sdk/sdk/2.1.0/lib/tinyusb/src/portable/raspberrypi/rp2040/dcd_rp2040.c.obj
                0x1000abb8                dcd_edpt0_status_complete
 .text.dcd_edpt_open
                0x1000abd4      0x108 CMakeFiles/Hardware_Layer.dir/C_/Users/Admin/.pico-sdk/sdk/2.1.0/lib/tinyusb/src/portable/raspberrypi/rp2040/dcd_rp2040.c.obj
                0x1000abd4                dcd_edpt_open
 .text.dcd_edpt_close_all
                0x1000acdc        0x8 CMakeFiles/Hardware_Layer.dir/C_/Users/Admin/.pico-sdk/sdk/2.1.0/lib/tinyusb/src/portable/raspberrypi/rp2040/dcd_rp2040.c.obj
                0x1000acdc                dcd_edpt_close_all
 .text.dcd_edpt_xfer
                0x1000ace4       0x24 CMakeFiles/Hardware_Layer.dir/C_/Users/Admin/.pico-sdk/sdk/2.1.0/lib/tinyusb/src/portable/raspberrypi/rp2040/dcd_rp2040.c.obj
                0x1000ace4                dcd_edpt_xfer
 .text.dcd_edpt_stall
                0x1000ad08       0x34 CMakeFiles/Hardware_Layer.dir/C_/Users/Admin/.pico-sdk/sdk/2.1.0/lib/tinyusb/src/portable/raspberrypi/rp2040/dcd_rp2040.c.obj
                0x1000ad08                dcd_edpt_stall
 .text.dcd_edpt_clear_stall
                0x1000ad3c       0x30 CMakeFiles/Hardware_Layer.dir/C_/Users/Admin/.pico-sdk/sdk/2.1.0/lib/tinyusb/src/portable/raspberrypi/rp2040/dcd_rp2040.c.obj
                0x1000ad3c                dcd_edpt_clear_stall
 .text.rp2040_usb_init
                0x1000ad6c       0x40 CMakeFiles/Hardware_Layer.dir/C_/Users/Admin/.pico-sdk/sdk/2.1.0/lib/tinyusb/src/portable/raspberrypi/rp2040/rp2040_usb.c.obj
                0x1000ad6c                rp2040_usb_init
 .text.hw_endpoint_xfer_start
                0x1000adac       0x40 CMakeFiles/Hardware_Layer.dir/C_/Users/Admin/.pico-sdk/sdk/2.1.0/lib/tinyusb/src/portable/raspberrypi/rp2040/rp2040_usb.c.obj
                0x1000adac                hw_endpoint_xfer_start
 .text.tud_event_hook_cb
                0x1000adec        0x4 CMakeFiles/Hardware_Layer.dir/C_/Users/Admin/.pico-sdk/sdk/2.1.0/lib/tinyusb/src/device/usbd.c.obj
                0x1000adec                tud_event_hook_cb
 .text.tud_sof_cb
                0x1000adf0        0x4 CMakeFiles/Hardware_Layer.dir/C_/Users/Admin/.pico-sdk/sdk/2.1.0/lib/tinyusb/src/device/usbd.c.obj
                0x1000adf0                tud_sof_cb
 .text.tud_descriptor_device_qualifier_cb
                0x1000adf4        0x4 CMakeFiles/Hardware_Layer.dir/C_/Users/Admin/.pico-sdk/sdk/2.1.0/lib/tinyusb/src/device/usbd.c.obj
                0x1000adf4                tud_descriptor_device_qualifier_cb
 .text.tud_descriptor_other_speed_configuration_cb
                0x1000adf8        0x4 CMakeFiles/Hardware_Layer.dir/C_/Users/Admin/.pico-sdk/sdk/2.1.0/lib/tinyusb/src/device/usbd.c.obj
                0x1000adf8                tud_descriptor_other_speed_configuration_cb
 .text.tud_mount_cb
                0x1000adfc        0x4 CMakeFiles/Hardware_Layer.dir/C_/Users/Admin/.pico-sdk/sdk/2.1.0/lib/tinyusb/src/device/usbd.c.obj
                0x1000adfc                tud_mount_cb
 .text.tud_umount_cb
                0x1000ae00        0x4 CMakeFiles/Hardware_Layer.dir/C_/Users/Admin/.pico-sdk/sdk/2.1.0/lib/tinyusb/src/device/usbd.c.obj
                0x1000ae00                tud_umount_cb
 .text.tud_suspend_cb
                0x1000ae04        0x4 CMakeFiles/Hardware_Layer.dir/C_/Users/Admin/.pico-sdk/sdk/2.1.0/lib/tinyusb/src/device/usbd.c.obj
                0x1000ae04                tud_suspend_cb
 .text.tud_resume_cb
                0x1000ae08        0x4 CMakeFiles/Hardware_Layer.dir/C_/Users/Admin/.pico-sdk/sdk/2.1.0/lib/tinyusb/src/device/usbd.c.obj
                0x1000ae08                tud_resume_cb
 .text.tud_mounted
                0x1000ae0c       0x10 CMakeFiles/Hardware_Layer.dir/C_/Users/Admin/.pico-sdk/sdk/2.1.0/lib/tinyusb/src/device/usbd.c.obj
                0x1000ae0c                tud_mounted
 .text.tud_suspended
                0x1000ae1c       0x10 CMakeFiles/Hardware_Layer.dir/C_/Users/Admin/.pico-sdk/sdk/2.1.0/lib/tinyusb/src/device/usbd.c.obj
                0x1000ae1c                tud_suspended
 .text.tud_init
                0x1000ae2c       0xe4 CMakeFiles/Hardware_Layer.dir/C_/Users/Admin/.pico-sdk/sdk/2.1.0/lib/tinyusb/src/device/usbd.c.obj
                0x1000ae2c                tud_init
 .text.tud_task_ext
                0x1000af10      0x800 CMakeFiles/Hardware_Layer.dir/C_/Users/Admin/.pico-sdk/sdk/2.1.0/lib/tinyusb/src/device/usbd.c.obj
                0x1000af10                tud_task_ext
 .text.usbd_open_edpt_pair
                0x1000b710       0x9c CMakeFiles/Hardware_Layer.dir/C_/Users/Admin/.pico-sdk/sdk/2.1.0/lib/tinyusb/src/device/usbd.c.obj
                0x1000b710                usbd_open_edpt_pair
 .text.usbd_edpt_open
                0x1000b7ac       0x34 CMakeFiles/Hardware_Layer.dir/C_/Users/Admin/.pico-sdk/sdk/2.1.0/lib/tinyusb/src/device/usbd.c.obj
                0x1000b7ac                usbd_edpt_open
 .text.usbd_edpt_claim
                0x1000b7e0       0x28 CMakeFiles/Hardware_Layer.dir/C_/Users/Admin/.pico-sdk/sdk/2.1.0/lib/tinyusb/src/device/usbd.c.obj
                0x1000b7e0                usbd_edpt_claim
 .text.usbd_edpt_release
                0x1000b808       0x28 CMakeFiles/Hardware_Layer.dir/C_/Users/Admin/.pico-sdk/sdk/2.1.0/lib/tinyusb/src/device/usbd.c.obj
                0x1000b808                usbd_edpt_release
 .text.usbd_edpt_xfer
                0x1000b830       0x4c CMakeFiles/Hardware_Layer.dir/C_/Users/Admin/.pico-sdk/sdk/2.1.0/lib/tinyusb/src/device/usbd.c.obj
                0x1000b830                usbd_edpt_xfer
 .text.tud_control_status
                0x1000b87c       0x2c CMakeFiles/Hardware_Layer.dir/C_/Users/Admin/.pico-sdk/sdk/2.1.0/lib/tinyusb/src/device/usbd_control.c.obj
                0x1000b87c                tud_control_status
 .text.tud_control_xfer
                0x1000b8a8       0xac CMakeFiles/Hardware_Layer.dir/C_/Users/Admin/.pico-sdk/sdk/2.1.0/lib/tinyusb/src/device/usbd_control.c.obj
                0x1000b8a8                tud_control_xfer
 .text.usbd_control_reset
                0x1000b954       0x14 CMakeFiles/Hardware_Layer.dir/C_/Users/Admin/.pico-sdk/sdk/2.1.0/lib/tinyusb/src/device/usbd_control.c.obj
                0x1000b954                usbd_control_reset
 .text.usbd_control_set_complete_callback
                0x1000b968        0xc CMakeFiles/Hardware_Layer.dir/C_/Users/Admin/.pico-sdk/sdk/2.1.0/lib/tinyusb/src/device/usbd_control.c.obj
                0x1000b968                usbd_control_set_complete_callback
 .text.usbd_control_set_request
                0x1000b974       0x1c CMakeFiles/Hardware_Layer.dir/C_/Users/Admin/.pico-sdk/sdk/2.1.0/lib/tinyusb/src/device/usbd_control.c.obj
                0x1000b974                usbd_control_set_request
 .text.usbd_control_xfer_cb
                0x1000b990       0xec CMakeFiles/Hardware_Layer.dir/C_/Users/Admin/.pico-sdk/sdk/2.1.0/lib/tinyusb/src/device/usbd_control.c.obj
                0x1000b990                usbd_control_xfer_cb
 .text._prep_out_transaction.isra.0
                0x1000ba7c       0x5c CMakeFiles/Hardware_Layer.dir/C_/Users/Admin/.pico-sdk/sdk/2.1.0/lib/tinyusb/src/class/cdc/cdc_device.c.obj
 .text.tud_cdc_n_connected
                0x1000bad8       0x30 CMakeFiles/Hardware_Layer.dir/C_/Users/Admin/.pico-sdk/sdk/2.1.0/lib/tinyusb/src/class/cdc/cdc_device.c.obj
                0x1000bad8                tud_cdc_n_connected
 .text.tud_cdc_n_available
                0x1000bb08       0x18 CMakeFiles/Hardware_Layer.dir/C_/Users/Admin/.pico-sdk/sdk/2.1.0/lib/tinyusb/src/class/cdc/cdc_device.c.obj
                0x1000bb08                tud_cdc_n_available
 .text.tud_cdc_n_read
                0x1000bb20       0x98 CMakeFiles/Hardware_Layer.dir/C_/Users/Admin/.pico-sdk/sdk/2.1.0/lib/tinyusb/src/class/cdc/cdc_device.c.obj
                0x1000bb20                tud_cdc_n_read
 .text.tud_cdc_n_write_flush
                0x1000bbb8       0x78 CMakeFiles/Hardware_Layer.dir/C_/Users/Admin/.pico-sdk/sdk/2.1.0/lib/tinyusb/src/class/cdc/cdc_device.c.obj
                0x1000bbb8                tud_cdc_n_write_flush
 .text.tud_cdc_n_write
                0x1000bc30       0x40 CMakeFiles/Hardware_Layer.dir/C_/Users/Admin/.pico-sdk/sdk/2.1.0/lib/tinyusb/src/class/cdc/cdc_device.c.obj
                0x1000bc30                tud_cdc_n_write
 .text.tud_cdc_n_write_available
                0x1000bc70       0x18 CMakeFiles/Hardware_Layer.dir/C_/Users/Admin/.pico-sdk/sdk/2.1.0/lib/tinyusb/src/class/cdc/cdc_device.c.obj
                0x1000bc70                tud_cdc_n_write_available
 .text.cdcd_init
                0x1000bc88       0x7c CMakeFiles/Hardware_Layer.dir/C_/Users/Admin/.pico-sdk/sdk/2.1.0/lib/tinyusb/src/class/cdc/cdc_device.c.obj
                0x1000bc88                cdcd_init
 .text.cdcd_deinit
                0x1000bd04       0x34 CMakeFiles/Hardware_Layer.dir/C_/Users/Admin/.pico-sdk/sdk/2.1.0/lib/tinyusb/src/class/cdc/cdc_device.c.obj
                0x1000bd04                cdcd_deinit
 .text.cdcd_reset
                0x1000bd38       0x4c CMakeFiles/Hardware_Layer.dir/C_/Users/Admin/.pico-sdk/sdk/2.1.0/lib/tinyusb/src/class/cdc/cdc_device.c.obj
                0x1000bd38                cdcd_reset
 .text.cdcd_open
                0x1000bd84       0xb0 CMakeFiles/Hardware_Layer.dir/C_/Users/Admin/.pico-sdk/sdk/2.1.0/lib/tinyusb/src/class/cdc/cdc_device.c.obj
                0x1000bd84                cdcd_open
 .text.cdcd_control_xfer_cb
                0x1000be34       0xe4 CMakeFiles/Hardware_Layer.dir/C_/Users/Admin/.pico-sdk/sdk/2.1.0/lib/tinyusb/src/class/cdc/cdc_device.c.obj
                0x1000be34                cdcd_control_xfer_cb
 .text.cdcd_xfer_cb
                0x1000bf18      0x100 CMakeFiles/Hardware_Layer.dir/C_/Users/Admin/.pico-sdk/sdk/2.1.0/lib/tinyusb/src/class/cdc/cdc_device.c.obj
                0x1000bf18                cdcd_xfer_cb
 .text.vendord_init
                0x1000c018       0x5c CMakeFiles/Hardware_Layer.dir/C_/Users/Admin/.pico-sdk/sdk/2.1.0/lib/tinyusb/src/class/vendor/vendor_device.c.obj
                0x1000c018                vendord_init
 .text.vendord_deinit
                0x1000c074       0x1c CMakeFiles/Hardware_Layer.dir/C_/Users/Admin/.pico-sdk/sdk/2.1.0/lib/tinyusb/src/class/vendor/vendor_device.c.obj
                0x1000c074                vendord_deinit
 .text.vendord_reset
                0x1000c090       0x20 CMakeFiles/Hardware_Layer.dir/C_/Users/Admin/.pico-sdk/sdk/2.1.0/lib/tinyusb/src/class/vendor/vendor_device.c.obj
                0x1000c090                vendord_reset
 .text.vendord_open
                0x1000c0b0      0x138 CMakeFiles/Hardware_Layer.dir/C_/Users/Admin/.pico-sdk/sdk/2.1.0/lib/tinyusb/src/class/vendor/vendor_device.c.obj
                0x1000c0b0                vendord_open
 .text.vendord_xfer_cb
                0x1000c1e8       0x9c CMakeFiles/Hardware_Layer.dir/C_/Users/Admin/.pico-sdk/sdk/2.1.0/lib/tinyusb/src/class/vendor/vendor_device.c.obj
                0x1000c1e8                vendord_xfer_cb
 .text.tusb_init
                0x1000c284        0xc CMakeFiles/Hardware_Layer.dir/C_/Users/Admin/.pico-sdk/sdk/2.1.0/lib/tinyusb/src/tusb.c.obj
                0x1000c284                tusb_init
 .text.tu_edpt_claim
                0x1000c290       0x50 CMakeFiles/Hardware_Layer.dir/C_/Users/Admin/.pico-sdk/sdk/2.1.0/lib/tinyusb/src/tusb.c.obj
                0x1000c290                tu_edpt_claim
 .text.tu_edpt_release
                0x1000c2e0       0x38 CMakeFiles/Hardware_Layer.dir/C_/Users/Admin/.pico-sdk/sdk/2.1.0/lib/tinyusb/src/tusb.c.obj
                0x1000c2e0                tu_edpt_release
 .text.tu_edpt_validate
                0x1000c318       0x7c CMakeFiles/Hardware_Layer.dir/C_/Users/Admin/.pico-sdk/sdk/2.1.0/lib/tinyusb/src/tusb.c.obj
                0x1000c318                tu_edpt_validate
 .text.tu_edpt_bind_driver
                0x1000c394       0x34 CMakeFiles/Hardware_Layer.dir/C_/Users/Admin/.pico-sdk/sdk/2.1.0/lib/tinyusb/src/tusb.c.obj
                0x1000c394                tu_edpt_bind_driver
 .text.tu_edpt_stream_init
                0x1000c3c8       0x6c CMakeFiles/Hardware_Layer.dir/C_/Users/Admin/.pico-sdk/sdk/2.1.0/lib/tinyusb/src/tusb.c.obj
                0x1000c3c8                tu_edpt_stream_init
 .text.tu_edpt_stream_deinit
                0x1000c434        0x4 CMakeFiles/Hardware_Layer.dir/C_/Users/Admin/.pico-sdk/sdk/2.1.0/lib/tinyusb/src/tusb.c.obj
                0x1000c434                tu_edpt_stream_deinit
 .text.tu_edpt_stream_write_zlp_if_needed
                0x1000c438       0x68 CMakeFiles/Hardware_Layer.dir/C_/Users/Admin/.pico-sdk/sdk/2.1.0/lib/tinyusb/src/tusb.c.obj
                0x1000c438                tu_edpt_stream_write_zlp_if_needed
 .text.tu_edpt_stream_write_xfer
                0x1000c4a0       0x64 CMakeFiles/Hardware_Layer.dir/C_/Users/Admin/.pico-sdk/sdk/2.1.0/lib/tinyusb/src/tusb.c.obj
                0x1000c4a0                tu_edpt_stream_write_xfer
 .text.tu_edpt_stream_read_xfer
                0x1000c504       0xdc CMakeFiles/Hardware_Layer.dir/C_/Users/Admin/.pico-sdk/sdk/2.1.0/lib/tinyusb/src/tusb.c.obj
                0x1000c504                tu_edpt_stream_read_xfer
 .text.tu_fifo_config
                0x1000c5e0       0x6c CMakeFiles/Hardware_Layer.dir/C_/Users/Admin/.pico-sdk/sdk/2.1.0/lib/tinyusb/src/common/tusb_fifo.c.obj
                0x1000c5e0                tu_fifo_config
 .text.tu_fifo_count
                0x1000c64c       0x2c CMakeFiles/Hardware_Layer.dir/C_/Users/Admin/.pico-sdk/sdk/2.1.0/lib/tinyusb/src/common/tusb_fifo.c.obj
                0x1000c64c                tu_fifo_count
 .text.tu_fifo_empty
                0x1000c678       0x10 CMakeFiles/Hardware_Layer.dir/C_/Users/Admin/.pico-sdk/sdk/2.1.0/lib/tinyusb/src/common/tusb_fifo.c.obj
                0x1000c678                tu_fifo_empty
 .text.tu_fifo_remaining
                0x1000c688       0x2c CMakeFiles/Hardware_Layer.dir/C_/Users/Admin/.pico-sdk/sdk/2.1.0/lib/tinyusb/src/common/tusb_fifo.c.obj
                0x1000c688                tu_fifo_remaining
 .text.tu_fifo_read
                0x1000c6b4       0x9c CMakeFiles/Hardware_Layer.dir/C_/Users/Admin/.pico-sdk/sdk/2.1.0/lib/tinyusb/src/common/tusb_fifo.c.obj
                0x1000c6b4                tu_fifo_read
 .text.tu_fifo_read_n
                0x1000c750       0xe8 CMakeFiles/Hardware_Layer.dir/C_/Users/Admin/.pico-sdk/sdk/2.1.0/lib/tinyusb/src/common/tusb_fifo.c.obj
                0x1000c750                tu_fifo_read_n
 .text.tu_fifo_write
                0x1000c838       0xa8 CMakeFiles/Hardware_Layer.dir/C_/Users/Admin/.pico-sdk/sdk/2.1.0/lib/tinyusb/src/common/tusb_fifo.c.obj
                0x1000c838                tu_fifo_write
 .text.tu_fifo_write_n
                0x1000c8e0      0x178 CMakeFiles/Hardware_Layer.dir/C_/Users/Admin/.pico-sdk/sdk/2.1.0/lib/tinyusb/src/common/tusb_fifo.c.obj
                0x1000c8e0                tu_fifo_write_n
 .text.tu_fifo_clear
                0x1000ca58       0x40 CMakeFiles/Hardware_Layer.dir/C_/Users/Admin/.pico-sdk/sdk/2.1.0/lib/tinyusb/src/common/tusb_fifo.c.obj
                0x1000ca58                tu_fifo_clear
 .text.tu_fifo_set_overwritable
                0x1000ca98       0x48 CMakeFiles/Hardware_Layer.dir/C_/Users/Admin/.pico-sdk/sdk/2.1.0/lib/tinyusb/src/common/tusb_fifo.c.obj
                0x1000ca98                tu_fifo_set_overwritable
 .text.lwip_timeout_reached
                0x1000cae0        0x8 CMakeFiles/Hardware_Layer.dir/C_/Users/Admin/.pico-sdk/sdk/2.1.0/src/rp2_common/pico_lwip/lwip_nosys.c.obj
 .text.update_next_timeout
                0x1000cae8       0x60 CMakeFiles/Hardware_Layer.dir/C_/Users/Admin/.pico-sdk/sdk/2.1.0/src/rp2_common/pico_lwip/lwip_nosys.c.obj
 .text.lwip_nosys_init
                0x1000cb48       0x30 CMakeFiles/Hardware_Layer.dir/C_/Users/Admin/.pico-sdk/sdk/2.1.0/src/rp2_common/pico_lwip/lwip_nosys.c.obj
                0x1000cb48                lwip_nosys_init
 .text.lwip_nosys_deinit
                0x1000cb78       0x20 CMakeFiles/Hardware_Layer.dir/C_/Users/Admin/.pico-sdk/sdk/2.1.0/src/rp2_common/pico_lwip/lwip_nosys.c.obj
                0x1000cb78                lwip_nosys_deinit
 .text.sys_arch_protect
                0x1000cb98        0x4 CMakeFiles/Hardware_Layer.dir/C_/Users/Admin/.pico-sdk/sdk/2.1.0/src/rp2_common/pico_lwip/lwip_nosys.c.obj
                0x1000cb98                sys_arch_protect
 .text.sys_arch_unprotect
                0x1000cb9c        0x4 CMakeFiles/Hardware_Layer.dir/C_/Users/Admin/.pico-sdk/sdk/2.1.0/src/rp2_common/pico_lwip/lwip_nosys.c.obj
                0x1000cb9c                sys_arch_unprotect
 .text.sys_now  0x1000cba0       0x20 CMakeFiles/Hardware_Layer.dir/C_/Users/Admin/.pico-sdk/sdk/2.1.0/src/rp2_common/pico_lwip/lwip_nosys.c.obj
                0x1000cba0                sys_now
 .text.async_context_base_add_at_time_worker
                0x1000cbc0       0x24 CMakeFiles/Hardware_Layer.dir/C_/Users/Admin/.pico-sdk/sdk/2.1.0/src/rp2_common/pico_async_context/async_context_base.c.obj
                0x1000cbc0                async_context_base_add_at_time_worker
 .text.async_context_base_remove_at_time_worker
                0x1000cbe4       0x28 CMakeFiles/Hardware_Layer.dir/C_/Users/Admin/.pico-sdk/sdk/2.1.0/src/rp2_common/pico_async_context/async_context_base.c.obj
                0x1000cbe4                async_context_base_remove_at_time_worker
 .text.async_context_base_add_when_pending_worker
                0x1000cc0c       0x24 CMakeFiles/Hardware_Layer.dir/C_/Users/Admin/.pico-sdk/sdk/2.1.0/src/rp2_common/pico_async_context/async_context_base.c.obj
                0x1000cc0c                async_context_base_add_when_pending_worker
 .text.async_context_base_remove_when_pending_worker
                0x1000cc30       0x28 CMakeFiles/Hardware_Layer.dir/C_/Users/Admin/.pico-sdk/sdk/2.1.0/src/rp2_common/pico_async_context/async_context_base.c.obj
                0x1000cc30                async_context_base_remove_when_pending_worker
 .text.async_context_base_execute_once
                0x1000cc58      0x108 CMakeFiles/Hardware_Layer.dir/C_/Users/Admin/.pico-sdk/sdk/2.1.0/src/rp2_common/pico_async_context/async_context_base.c.obj
                0x1000cc58                async_context_base_execute_once
 .text.splitmix64
                0x1000cd60       0x58 CMakeFiles/Hardware_Layer.dir/C_/Users/Admin/.pico-sdk/sdk/2.1.0/src/rp2_common/pico_rand/rand.c.obj
 .text.xoroshiro128ss
                0x1000cdb8       0x90 CMakeFiles/Hardware_Layer.dir/C_/Users/Admin/.pico-sdk/sdk/2.1.0/src/rp2_common/pico_rand/rand.c.obj
 .text.get_rand_64
                0x1000ce48      0x4a4 CMakeFiles/Hardware_Layer.dir/C_/Users/Admin/.pico-sdk/sdk/2.1.0/src/rp2_common/pico_rand/rand.c.obj
                0x1000ce48                get_rand_64
 .text.get_rand_32
                0x1000d2ec        0x8 CMakeFiles/Hardware_Layer.dir/C_/Users/Admin/.pico-sdk/sdk/2.1.0/src/rp2_common/pico_rand/rand.c.obj
                0x1000d2ec                get_rand_32
 .text.lwip_init
                0x1000d2f4       0x24 CMakeFiles/Hardware_Layer.dir/C_/Users/Admin/.pico-sdk/sdk/2.1.0/lib/lwip/src/core/init.c.obj
                0x1000d2f4                lwip_init
 .text.lwip_htons
                0x1000d318        0x8 CMakeFiles/Hardware_Layer.dir/C_/Users/Admin/.pico-sdk/sdk/2.1.0/lib/lwip/src/core/def.c.obj
                0x1000d318                lwip_htons
 .text.lwip_htonl
                0x1000d320        0x4 CMakeFiles/Hardware_Layer.dir/C_/Users/Admin/.pico-sdk/sdk/2.1.0/lib/lwip/src/core/def.c.obj
                0x1000d320                lwip_htonl
 .text.lwip_strnicmp
                0x1000d324       0x40 CMakeFiles/Hardware_Layer.dir/C_/Users/Admin/.pico-sdk/sdk/2.1.0/lib/lwip/src/core/def.c.obj
                0x1000d324                lwip_strnicmp
 .text.dns_call_found
                0x1000d364      0x184 CMakeFiles/Hardware_Layer.dir/C_/Users/Admin/.pico-sdk/sdk/2.1.0/lib/lwip/src/core/dns.c.obj
 .text.dns_send.isra.0
                0x1000d4e8      0x174 CMakeFiles/Hardware_Layer.dir/C_/Users/Admin/.pico-sdk/sdk/2.1.0/lib/lwip/src/core/dns.c.obj
 .text.dns_check_entry
                0x1000d65c      0x130 CMakeFiles/Hardware_Layer.dir/C_/Users/Admin/.pico-sdk/sdk/2.1.0/lib/lwip/src/core/dns.c.obj
 .text.dns_recv
                0x1000d78c      0x380 CMakeFiles/Hardware_Layer.dir/C_/Users/Admin/.pico-sdk/sdk/2.1.0/lib/lwip/src/core/dns.c.obj
 .text.dns_init
                0x1000db0c        0x4 CMakeFiles/Hardware_Layer.dir/C_/Users/Admin/.pico-sdk/sdk/2.1.0/lib/lwip/src/core/dns.c.obj
                0x1000db0c                dns_init
 .text.dns_setserver
                0x1000db10       0x24 CMakeFiles/Hardware_Layer.dir/C_/Users/Admin/.pico-sdk/sdk/2.1.0/lib/lwip/src/core/dns.c.obj
                0x1000db10                dns_setserver
 .text.dns_tmr  0x1000db34      0x140 CMakeFiles/Hardware_Layer.dir/C_/Users/Admin/.pico-sdk/sdk/2.1.0/lib/lwip/src/core/dns.c.obj
                0x1000db34                dns_tmr
 .text.dns_gethostbyname_addrtype
                0x1000dc74      0x5e0 CMakeFiles/Hardware_Layer.dir/C_/Users/Admin/.pico-sdk/sdk/2.1.0/lib/lwip/src/core/dns.c.obj
                0x1000dc74                dns_gethostbyname_addrtype
 .text.dns_gethostbyname
                0x1000e254       0x10 CMakeFiles/Hardware_Layer.dir/C_/Users/Admin/.pico-sdk/sdk/2.1.0/lib/lwip/src/core/dns.c.obj
                0x1000e254                dns_gethostbyname
 .text.lwip_standard_chksum
                0x1000e264       0xdc CMakeFiles/Hardware_Layer.dir/C_/Users/Admin/.pico-sdk/sdk/2.1.0/lib/lwip/src/core/inet_chksum.c.obj
                0x1000e264                lwip_standard_chksum
 .text.inet_chksum_pseudo
                0x1000e340       0xbc CMakeFiles/Hardware_Layer.dir/C_/Users/Admin/.pico-sdk/sdk/2.1.0/lib/lwip/src/core/inet_chksum.c.obj
                0x1000e340                inet_chksum_pseudo
 .text.ip_chksum_pseudo
                0x1000e3fc       0x10 CMakeFiles/Hardware_Layer.dir/C_/Users/Admin/.pico-sdk/sdk/2.1.0/lib/lwip/src/core/inet_chksum.c.obj
                0x1000e3fc                ip_chksum_pseudo
 .text.inet_chksum
                0x1000e40c        0xc CMakeFiles/Hardware_Layer.dir/C_/Users/Admin/.pico-sdk/sdk/2.1.0/lib/lwip/src/core/inet_chksum.c.obj
                0x1000e40c                inet_chksum
 .text.inet_chksum_pbuf
                0x1000e418       0x78 CMakeFiles/Hardware_Layer.dir/C_/Users/Admin/.pico-sdk/sdk/2.1.0/lib/lwip/src/core/inet_chksum.c.obj
                0x1000e418                inet_chksum_pbuf
 .text.mem_init
                0x1000e490        0x4 CMakeFiles/Hardware_Layer.dir/C_/Users/Admin/.pico-sdk/sdk/2.1.0/lib/lwip/src/core/mem.c.obj
                0x1000e490                mem_init
 .text.mem_trim
                0x1000e494        0x4 CMakeFiles/Hardware_Layer.dir/C_/Users/Admin/.pico-sdk/sdk/2.1.0/lib/lwip/src/core/mem.c.obj
                0x1000e494                mem_trim
 .text.mem_malloc
                0x1000e498       0x2c CMakeFiles/Hardware_Layer.dir/C_/Users/Admin/.pico-sdk/sdk/2.1.0/lib/lwip/src/core/mem.c.obj
                0x1000e498                mem_malloc
 .text.mem_free
                0x1000e4c4       0x2c CMakeFiles/Hardware_Layer.dir/C_/Users/Admin/.pico-sdk/sdk/2.1.0/lib/lwip/src/core/mem.c.obj
                0x1000e4c4                mem_free
 .text.mem_calloc
                0x1000e4f0        0x8 CMakeFiles/Hardware_Layer.dir/C_/Users/Admin/.pico-sdk/sdk/2.1.0/lib/lwip/src/core/mem.c.obj
                0x1000e4f0                mem_calloc
 .text.memp_init
                0x1000e4f8       0x6c CMakeFiles/Hardware_Layer.dir/C_/Users/Admin/.pico-sdk/sdk/2.1.0/lib/lwip/src/core/memp.c.obj
                0x1000e4f8                memp_init
 .text.memp_malloc
                0x1000e564       0x40 CMakeFiles/Hardware_Layer.dir/C_/Users/Admin/.pico-sdk/sdk/2.1.0/lib/lwip/src/core/memp.c.obj
                0x1000e564                memp_malloc
 .text.memp_free
                0x1000e5a4       0x38 CMakeFiles/Hardware_Layer.dir/C_/Users/Admin/.pico-sdk/sdk/2.1.0/lib/lwip/src/core/memp.c.obj
                0x1000e5a4                memp_free
 .text.netif_null_output_ip4
                0x1000e5dc        0x8 CMakeFiles/Hardware_Layer.dir/C_/Users/Admin/.pico-sdk/sdk/2.1.0/lib/lwip/src/core/netif.c.obj
 .text.netif_do_set_ipaddr.isra.0
                0x1000e5e4       0x60 CMakeFiles/Hardware_Layer.dir/C_/Users/Admin/.pico-sdk/sdk/2.1.0/lib/lwip/src/core/netif.c.obj
 .text.netif_init
                0x1000e644        0x4 CMakeFiles/Hardware_Layer.dir/C_/Users/Admin/.pico-sdk/sdk/2.1.0/lib/lwip/src/core/netif.c.obj
                0x1000e644                netif_init
 .text.netif_add
                0x1000e648      0x16c CMakeFiles/Hardware_Layer.dir/C_/Users/Admin/.pico-sdk/sdk/2.1.0/lib/lwip/src/core/netif.c.obj
                0x1000e648                netif_add
 .text.netif_set_addr
                0x1000e7b4       0xb4 CMakeFiles/Hardware_Layer.dir/C_/Users/Admin/.pico-sdk/sdk/2.1.0/lib/lwip/src/core/netif.c.obj
                0x1000e7b4                netif_set_addr
 .text.netif_remove
                0x1000e868       0x94 CMakeFiles/Hardware_Layer.dir/C_/Users/Admin/.pico-sdk/sdk/2.1.0/lib/lwip/src/core/netif.c.obj
                0x1000e868                netif_remove
 .text.netif_set_default
                0x1000e8fc        0xc CMakeFiles/Hardware_Layer.dir/C_/Users/Admin/.pico-sdk/sdk/2.1.0/lib/lwip/src/core/netif.c.obj
                0x1000e8fc                netif_set_default
 .text.netif_set_up
                0x1000e908       0x40 CMakeFiles/Hardware_Layer.dir/C_/Users/Admin/.pico-sdk/sdk/2.1.0/lib/lwip/src/core/netif.c.obj
                0x1000e908                netif_set_up
 .text.netif_set_link_up
                0x1000e948       0x44 CMakeFiles/Hardware_Layer.dir/C_/Users/Admin/.pico-sdk/sdk/2.1.0/lib/lwip/src/core/netif.c.obj
                0x1000e948                netif_set_link_up
 .text.netif_set_link_down
                0x1000e98c       0x20 CMakeFiles/Hardware_Layer.dir/C_/Users/Admin/.pico-sdk/sdk/2.1.0/lib/lwip/src/core/netif.c.obj
                0x1000e98c                netif_set_link_down
 .text.netif_get_by_index
                0x1000e9ac       0x2c CMakeFiles/Hardware_Layer.dir/C_/Users/Admin/.pico-sdk/sdk/2.1.0/lib/lwip/src/core/netif.c.obj
                0x1000e9ac                netif_get_by_index
 .text.pbuf_free.part.0
                0x1000e9d8       0x7c CMakeFiles/Hardware_Layer.dir/C_/Users/Admin/.pico-sdk/sdk/2.1.0/lib/lwip/src/core/pbuf.c.obj
 .text.pbuf_free_ooseq
                0x1000ea54       0x34 CMakeFiles/Hardware_Layer.dir/C_/Users/Admin/.pico-sdk/sdk/2.1.0/lib/lwip/src/core/pbuf.c.obj
                0x1000ea54                pbuf_free_ooseq
 .text.pbuf_alloc
                0x1000ea88      0x12c CMakeFiles/Hardware_Layer.dir/C_/Users/Admin/.pico-sdk/sdk/2.1.0/lib/lwip/src/core/pbuf.c.obj
                0x1000ea88                pbuf_alloc
 .text.pbuf_realloc
                0x1000ebb4       0x84 CMakeFiles/Hardware_Layer.dir/C_/Users/Admin/.pico-sdk/sdk/2.1.0/lib/lwip/src/core/pbuf.c.obj
                0x1000ebb4                pbuf_realloc
 .text.pbuf_add_header
                0x1000ec38       0x50 CMakeFiles/Hardware_Layer.dir/C_/Users/Admin/.pico-sdk/sdk/2.1.0/lib/lwip/src/core/pbuf.c.obj
                0x1000ec38                pbuf_add_header
 .text.pbuf_remove_header
                0x1000ec88       0x3c CMakeFiles/Hardware_Layer.dir/C_/Users/Admin/.pico-sdk/sdk/2.1.0/lib/lwip/src/core/pbuf.c.obj
                0x1000ec88                pbuf_remove_header
 .text.pbuf_header_force
                0x1000ecc4       0x68 CMakeFiles/Hardware_Layer.dir/C_/Users/Admin/.pico-sdk/sdk/2.1.0/lib/lwip/src/core/pbuf.c.obj
                0x1000ecc4                pbuf_header_force
 .text.pbuf_free
                0x1000ed2c       0x18 CMakeFiles/Hardware_Layer.dir/C_/Users/Admin/.pico-sdk/sdk/2.1.0/lib/lwip/src/core/pbuf.c.obj
                0x1000ed2c                pbuf_free
 .text.pbuf_clen
                0x1000ed44       0x14 CMakeFiles/Hardware_Layer.dir/C_/Users/Admin/.pico-sdk/sdk/2.1.0/lib/lwip/src/core/pbuf.c.obj
                0x1000ed44                pbuf_clen
 .text.pbuf_ref
                0x1000ed58       0x28 CMakeFiles/Hardware_Layer.dir/C_/Users/Admin/.pico-sdk/sdk/2.1.0/lib/lwip/src/core/pbuf.c.obj
                0x1000ed58                pbuf_ref
 .text.pbuf_cat
                0x1000ed80       0x44 CMakeFiles/Hardware_Layer.dir/C_/Users/Admin/.pico-sdk/sdk/2.1.0/lib/lwip/src/core/pbuf.c.obj
                0x1000ed80                pbuf_cat
 .text.pbuf_chain
                0x1000edc4       0x64 CMakeFiles/Hardware_Layer.dir/C_/Users/Admin/.pico-sdk/sdk/2.1.0/lib/lwip/src/core/pbuf.c.obj
                0x1000edc4                pbuf_chain
 .text.pbuf_copy_partial_pbuf
                0x1000ee28      0x148 CMakeFiles/Hardware_Layer.dir/C_/Users/Admin/.pico-sdk/sdk/2.1.0/lib/lwip/src/core/pbuf.c.obj
                0x1000ee28                pbuf_copy_partial_pbuf
 .text.pbuf_copy
                0x1000ef70       0x18 CMakeFiles/Hardware_Layer.dir/C_/Users/Admin/.pico-sdk/sdk/2.1.0/lib/lwip/src/core/pbuf.c.obj
                0x1000ef70                pbuf_copy
 .text.pbuf_copy_partial
                0x1000ef88       0x68 CMakeFiles/Hardware_Layer.dir/C_/Users/Admin/.pico-sdk/sdk/2.1.0/lib/lwip/src/core/pbuf.c.obj
                0x1000ef88                pbuf_copy_partial
 .text.pbuf_get_contiguous
                0x1000eff0       0x9c CMakeFiles/Hardware_Layer.dir/C_/Users/Admin/.pico-sdk/sdk/2.1.0/lib/lwip/src/core/pbuf.c.obj
                0x1000eff0                pbuf_get_contiguous
 .text.pbuf_take
                0x1000f08c       0x78 CMakeFiles/Hardware_Layer.dir/C_/Users/Admin/.pico-sdk/sdk/2.1.0/lib/lwip/src/core/pbuf.c.obj
                0x1000f08c                pbuf_take
 .text.pbuf_take_at
                0x1000f104       0xcc CMakeFiles/Hardware_Layer.dir/C_/Users/Admin/.pico-sdk/sdk/2.1.0/lib/lwip/src/core/pbuf.c.obj
                0x1000f104                pbuf_take_at
 .text.pbuf_clone
                0x1000f1d0       0x30 CMakeFiles/Hardware_Layer.dir/C_/Users/Admin/.pico-sdk/sdk/2.1.0/lib/lwip/src/core/pbuf.c.obj
                0x1000f1d0                pbuf_clone
 .text.pbuf_get_at
                0x1000f200       0x20 CMakeFiles/Hardware_Layer.dir/C_/Users/Admin/.pico-sdk/sdk/2.1.0/lib/lwip/src/core/pbuf.c.obj
                0x1000f200                pbuf_get_at
 .text.pbuf_try_get_at
                0x1000f220       0x28 CMakeFiles/Hardware_Layer.dir/C_/Users/Admin/.pico-sdk/sdk/2.1.0/lib/lwip/src/core/pbuf.c.obj
                0x1000f220                pbuf_try_get_at
 .text.pbuf_put_at
                0x1000f248       0x1c CMakeFiles/Hardware_Layer.dir/C_/Users/Admin/.pico-sdk/sdk/2.1.0/lib/lwip/src/core/pbuf.c.obj
                0x1000f248                pbuf_put_at
 .text.raw_input
                0x1000f264      0x164 CMakeFiles/Hardware_Layer.dir/C_/Users/Admin/.pico-sdk/sdk/2.1.0/lib/lwip/src/core/raw.c.obj
                0x1000f264                raw_input
 .text.raw_netif_ip_addr_changed
                0x1000f3c8       0x40 CMakeFiles/Hardware_Layer.dir/C_/Users/Admin/.pico-sdk/sdk/2.1.0/lib/lwip/src/core/raw.c.obj
                0x1000f3c8                raw_netif_ip_addr_changed
 .text.stats_init
                0x1000f408        0x4 CMakeFiles/Hardware_Layer.dir/C_/Users/Admin/.pico-sdk/sdk/2.1.0/lib/lwip/src/core/stats.c.obj
                0x1000f408                stats_init
 .text.tcp_close_shutdown_fin
                0x1000f40c       0x54 CMakeFiles/Hardware_Layer.dir/C_/Users/Admin/.pico-sdk/sdk/2.1.0/lib/lwip/src/core/tcp.c.obj
 .text.tcp_pcb_purge.part.0
                0x1000f460       0xc4 CMakeFiles/Hardware_Layer.dir/C_/Users/Admin/.pico-sdk/sdk/2.1.0/lib/lwip/src/core/tcp.c.obj
 .text.tcp_init
                0x1000f524       0x20 CMakeFiles/Hardware_Layer.dir/C_/Users/Admin/.pico-sdk/sdk/2.1.0/lib/lwip/src/core/tcp.c.obj
                0x1000f524                tcp_init
 .text.tcp_free
                0x1000f544       0x1c CMakeFiles/Hardware_Layer.dir/C_/Users/Admin/.pico-sdk/sdk/2.1.0/lib/lwip/src/core/tcp.c.obj
                0x1000f544                tcp_free
 .text.tcp_bind
                0x1000f560       0xf4 CMakeFiles/Hardware_Layer.dir/C_/Users/Admin/.pico-sdk/sdk/2.1.0/lib/lwip/src/core/tcp.c.obj
                0x1000f560                tcp_bind
 .text.tcp_update_rcv_ann_wnd
                0x1000f654       0x58 CMakeFiles/Hardware_Layer.dir/C_/Users/Admin/.pico-sdk/sdk/2.1.0/lib/lwip/src/core/tcp.c.obj
                0x1000f654                tcp_update_rcv_ann_wnd
 .text.tcp_recved
                0x1000f6ac       0x98 CMakeFiles/Hardware_Layer.dir/C_/Users/Admin/.pico-sdk/sdk/2.1.0/lib/lwip/src/core/tcp.c.obj
                0x1000f6ac                tcp_recved
 .text.tcp_connect